Archive member included to satisfy reference by file (symbol)

c:/program files (x86)/atmel/studio/7.0/toolchain/avr8/avr8-gnu-toolchain/bin/../lib/gcc/avr/5.4.0/../../../../avr/lib/avr5\libm.a(addsf3.o)
                              Arduino/hardware/avr/cores/arduino/Print.o (__subsf3)
c:/program files (x86)/atmel/studio/7.0/toolchain/avr8/avr8-gnu-toolchain/bin/../lib/gcc/avr/5.4.0/../../../../avr/lib/avr5\libm.a(addsf3x.o)
                              c:/program files (x86)/atmel/studio/7.0/toolchain/avr8/avr8-gnu-toolchain/bin/../lib/gcc/avr/5.4.0/../../../../avr/lib/avr5\libm.a(addsf3.o) (__addsf3x)
c:/program files (x86)/atmel/studio/7.0/toolchain/avr8/avr8-gnu-toolchain/bin/../lib/gcc/avr/5.4.0/../../../../avr/lib/avr5\libm.a(cmpsf2.o)
                              Arduino/hardware/avr/cores/arduino/Print.o (__ltsf2)
c:/program files (x86)/atmel/studio/7.0/toolchain/avr8/avr8-gnu-toolchain/bin/../lib/gcc/avr/5.4.0/../../../../avr/lib/avr5\libm.a(divsf3.o)
                              Arduino/hardware/avr/cores/arduino/Print.o (__divsf3)
c:/program files (x86)/atmel/studio/7.0/toolchain/avr8/avr8-gnu-toolchain/bin/../lib/gcc/avr/5.4.0/../../../../avr/lib/avr5\libm.a(divsf3x.o)
                              c:/program files (x86)/atmel/studio/7.0/toolchain/avr8/avr8-gnu-toolchain/bin/../lib/gcc/avr/5.4.0/../../../../avr/lib/avr5\libm.a(divsf3.o) (__divsf3x)
c:/program files (x86)/atmel/studio/7.0/toolchain/avr8/avr8-gnu-toolchain/bin/../lib/gcc/avr/5.4.0/../../../../avr/lib/avr5\libm.a(fixunssfsi.o)
                              Arduino/hardware/avr/cores/arduino/Print.o (__fixunssfsi)
c:/program files (x86)/atmel/studio/7.0/toolchain/avr8/avr8-gnu-toolchain/bin/../lib/gcc/avr/5.4.0/../../../../avr/lib/avr5\libm.a(floatsisf.o)
                              Arduino/hardware/avr/cores/arduino/Print.o (__floatunsisf)
c:/program files (x86)/atmel/studio/7.0/toolchain/avr8/avr8-gnu-toolchain/bin/../lib/gcc/avr/5.4.0/../../../../avr/lib/avr5\libm.a(fp_cmp.o)
                              c:/program files (x86)/atmel/studio/7.0/toolchain/avr8/avr8-gnu-toolchain/bin/../lib/gcc/avr/5.4.0/../../../../avr/lib/avr5\libm.a(cmpsf2.o) (__fp_cmp)
c:/program files (x86)/atmel/studio/7.0/toolchain/avr8/avr8-gnu-toolchain/bin/../lib/gcc/avr/5.4.0/../../../../avr/lib/avr5\libm.a(fp_inf.o)
                              c:/program files (x86)/atmel/studio/7.0/toolchain/avr8/avr8-gnu-toolchain/bin/../lib/gcc/avr/5.4.0/../../../../avr/lib/avr5\libm.a(addsf3x.o) (__fp_inf)
c:/program files (x86)/atmel/studio/7.0/toolchain/avr8/avr8-gnu-toolchain/bin/../lib/gcc/avr/5.4.0/../../../../avr/lib/avr5\libm.a(fp_nan.o)
                              c:/program files (x86)/atmel/studio/7.0/toolchain/avr8/avr8-gnu-toolchain/bin/../lib/gcc/avr/5.4.0/../../../../avr/lib/avr5\libm.a(addsf3x.o) (__fp_nan)
c:/program files (x86)/atmel/studio/7.0/toolchain/avr8/avr8-gnu-toolchain/bin/../lib/gcc/avr/5.4.0/../../../../avr/lib/avr5\libm.a(fp_pscA.o)
                              c:/program files (x86)/atmel/studio/7.0/toolchain/avr8/avr8-gnu-toolchain/bin/../lib/gcc/avr/5.4.0/../../../../avr/lib/avr5\libm.a(addsf3x.o) (__fp_pscA)
c:/program files (x86)/atmel/studio/7.0/toolchain/avr8/avr8-gnu-toolchain/bin/../lib/gcc/avr/5.4.0/../../../../avr/lib/avr5\libm.a(fp_pscB.o)
                              c:/program files (x86)/atmel/studio/7.0/toolchain/avr8/avr8-gnu-toolchain/bin/../lib/gcc/avr/5.4.0/../../../../avr/lib/avr5\libm.a(addsf3x.o) (__fp_pscB)
c:/program files (x86)/atmel/studio/7.0/toolchain/avr8/avr8-gnu-toolchain/bin/../lib/gcc/avr/5.4.0/../../../../avr/lib/avr5\libm.a(fp_round.o)
                              c:/program files (x86)/atmel/studio/7.0/toolchain/avr8/avr8-gnu-toolchain/bin/../lib/gcc/avr/5.4.0/../../../../avr/lib/avr5\libm.a(addsf3.o) (__fp_round)
c:/program files (x86)/atmel/studio/7.0/toolchain/avr8/avr8-gnu-toolchain/bin/../lib/gcc/avr/5.4.0/../../../../avr/lib/avr5\libm.a(fp_split3.o)
                              c:/program files (x86)/atmel/studio/7.0/toolchain/avr8/avr8-gnu-toolchain/bin/../lib/gcc/avr/5.4.0/../../../../avr/lib/avr5\libm.a(addsf3x.o) (__fp_split3)
c:/program files (x86)/atmel/studio/7.0/toolchain/avr8/avr8-gnu-toolchain/bin/../lib/gcc/avr/5.4.0/../../../../avr/lib/avr5\libm.a(fp_zero.o)
                              c:/program files (x86)/atmel/studio/7.0/toolchain/avr8/avr8-gnu-toolchain/bin/../lib/gcc/avr/5.4.0/../../../../avr/lib/avr5\libm.a(addsf3x.o) (__fp_zero)
c:/program files (x86)/atmel/studio/7.0/toolchain/avr8/avr8-gnu-toolchain/bin/../lib/gcc/avr/5.4.0/../../../../avr/lib/avr5\libm.a(gesf2.o)
                              Arduino/hardware/avr/cores/arduino/Print.o (__gtsf2)
c:/program files (x86)/atmel/studio/7.0/toolchain/avr8/avr8-gnu-toolchain/bin/../lib/gcc/avr/5.4.0/../../../../avr/lib/avr5\libm.a(mulsf3.o)
                              Arduino/hardware/avr/cores/arduino/Print.o (__mulsf3)
[...]
Memory Configuration

Name             Origin             Length             Attributes
text             0x00000000         0x00008000         xr
data             0x00800100         0x00000800         rw !x
eeprom           0x00810000         0x00000400         rw !x
fuse             0x00820000         0x00000003         rw !x
lock             0x00830000         0x00000400         rw !x
signature        0x00840000         0x00000400         rw !x
user_signatures  0x00850000         0x00000400         rw !x
*default*        0x00000000         0xffffffff

Linker script and memory map

Address of section .data set to 0x800100
LOAD C:/Program Files (x86)/Atmel/Studio/7.0/Packs/Atmel/ATmega_DFP/1.4.331/gcc/dev/atmega328p/avr5/crtatmega328p.o
LOAD Arduino/hardware/avr/cores/arduino/abi.o
LOAD Arduino/hardware/avr/cores/arduino/CDC.o
LOAD Arduino/hardware/avr/cores/arduino/HardwareSerial.o
LOAD Arduino/hardware/avr/cores/arduino/HardwareSerial0.o
LOAD Arduino/hardware/avr/cores/arduino/HardwareSerial1.o
LOAD Arduino/hardware/avr/cores/arduino/HardwareSerial2.o
LOAD Arduino/hardware/avr/cores/arduino/HardwareSerial3.o
LOAD Arduino/hardware/avr/cores/arduino/hooks.o
LOAD Arduino/hardware/avr/cores/arduino/IPAddress.o
LOAD Arduino/hardware/avr/cores/arduino/main.o
LOAD Arduino/hardware/avr/cores/arduino/new.o
LOAD Arduino/hardware/avr/cores/arduino/PluggableUSB.o
LOAD Arduino/hardware/avr/cores/arduino/Print.o
LOAD Arduino/hardware/avr/cores/arduino/Stream.o
LOAD Arduino/hardware/avr/cores/arduino/Tone.o
LOAD Arduino/hardware/avr/cores/arduino/USBCore.o
LOAD Arduino/hardware/avr/cores/arduino/WInterrupts.o
LOAD Arduino/hardware/avr/cores/arduino/wiring.o
LOAD Arduino/hardware/avr/cores/arduino/wiring_analog.o
LOAD Arduino/hardware/avr/cores/arduino/wiring_digital.o
LOAD Arduino/hardware/avr/cores/arduino/wiring_pulse.o
LOAD Arduino/hardware/avr/cores/arduino/wiring_shift.o
LOAD Arduino/hardware/avr/cores/arduino/WMath.o
LOAD Arduino/hardware/avr/cores/arduino/WString.o
LOAD Arduino/hardware/avr/libraries/SoftwareSerial/src/SoftwareSerial.o
LOAD src/AuthorizationHandlerClass.o
LOAD src/ContactClass.o
LOAD src/ContactDirectoryClass.o
LOAD src/EepromClass.o
LOAD src/GsmCommunicationClass.o
LOAD src/Leds.o
LOAD src/main_LockOpener.o
LOAD src/SmsHandlerClass.o
LOAD src/TimerManager.o
START GROUP
LOAD c:/program files (x86)/atmel/studio/7.0/toolchain/avr8/avr8-gnu-toolchain/bin/../lib/gcc/avr/5.4.0/../../../../avr/lib/avr5\libm.a
END GROUP
LOAD c:/program files (x86)/atmel/studio/7.0/toolchain/avr8/avr8-gnu-toolchain/bin/../lib/gcc/avr/5.4.0/avr5\libgcc.a
LOAD c:/program files (x86)/atmel/studio/7.0/toolchain/avr8/avr8-gnu-toolchain/bin/../lib/gcc/avr/5.4.0/../../../../avr/lib/avr5\libm.a
START GROUP
LOAD c:/program files (x86)/atmel/studio/7.0/toolchain/avr8/avr8-gnu-toolchain/bin/../lib/gcc/avr/5.4.0/avr5\libgcc.a
LOAD c:/program files (x86)/atmel/studio/7.0/toolchain/avr8/avr8-gnu-toolchain/bin/../lib/gcc/avr/5.4.0/../../../../avr/lib/avr5\libm.a
LOAD c:/program files (x86)/atmel/studio/7.0/toolchain/avr8/avr8-gnu-toolchain/bin/../lib/gcc/avr/5.4.0/../../../../avr/lib/avr5\libc.a
LOAD C:/Program Files (x86)/Atmel/Studio/7.0/Packs/Atmel/ATmega_DFP/1.4.331/gcc/dev/atmega328p/avr5\libatmega328p.a
END GROUP
                0x00000000                __TEXT_REGION_ORIGIN__ = DEFINED (__TEXT_REGION_ORIGIN__)?__TEXT_REGION_ORIGIN__:0x0
                [0x00800100]                __DATA_REGION_ORIGIN__ = DEFINED (__DATA_REGION_ORIGIN__)?__DATA_REGION_ORIGIN__:0x800060
                [0x00008000]                __TEXT_REGION_LENGTH__ = DEFINED (__TEXT_REGION_LENGTH__)?__TEXT_REGION_LENGTH__:0x20000
                [0x00000800]                __DATA_REGION_LENGTH__ = DEFINED (__DATA_REGION_LENGTH__)?__DATA_REGION_LENGTH__:0xffa0
                [0x00000400]                __EEPROM_REGION_LENGTH__ = DEFINED (__EEPROM_REGION_LENGTH__)?__EEPROM_REGION_LENGTH__:0x10000
                [0x00000003]                __FUSE_REGION_LENGTH__ = DEFINED (__FUSE_REGION_LENGTH__)?__FUSE_REGION_LENGTH__:0x400
                0x00000400                __LOCK_REGION_LENGTH__ = DEFINED (__LOCK_REGION_LENGTH__)?__LOCK_REGION_LENGTH__:0x400
                0x00000400                __SIGNATURE_REGION_LENGTH__ = DEFINED (__SIGNATURE_REGION_LENGTH__)?__SIGNATURE_REGION_LENGTH__:0x400
                0x00000400                __USER_SIGNATURE_REGION_LENGTH__ = DEFINED (__USER_SIGNATURE_REGION_LENGTH__)?__USER_SIGNATURE_REGION_LENGTH__:0x400

.hash
 *(.hash)

.dynsym
 *(.dynsym)

.dynstr
 *(.dynstr)

.gnu.version
 *(.gnu.version)

.gnu.version_d
 *(.gnu.version_d)

.gnu.version_r
 *(.gnu.version_r)

.rel.init
 *(.rel.init)

.rela.init
 *(.rela.init)

.rel.text
 *(.rel.text)
 *(.rel.text.*)
 *(.rel.gnu.linkonce.t*)

.rela.text
 *(.rela.text)
 *(.rela.text.*)
 *(.rela.gnu.linkonce.t*)

.rel.fini
 *(.rel.fini)

.rela.fini
 *(.rela.fini)

.rel.rodata
 *(.rel.rodata)
 *(.rel.rodata.*)
 *(.rel.gnu.linkonce.r*)

.rela.rodata
 *(.rela.rodata)
 *(.rela.rodata.*)
 *(.rela.gnu.linkonce.r*)

.rel.data
 *(.rel.data)
 *(.rel.data.*)
 *(.rel.gnu.linkonce.d*)

.rela.data
 *(.rela.data)
 *(.rela.data.*)
 *(.rela.gnu.linkonce.d*)

.rel.ctors
 *(.rel.ctors)

.rela.ctors
 *(.rela.ctors)

.rel.dtors
 *(.rel.dtors)

.rela.dtors
 *(.rela.dtors)

.rel.got
 *(.rel.got)

.rela.got
 *(.rela.got)

.rel.bss
 *(.rel.bss)

.rela.bss
 *(.rela.bss)

.rel.plt
 *(.rel.plt)

.rela.plt
 *(.rela.plt)

.text           0x00000000     0x26ce
 *(.vectors)
 .vectors       0x00000000       0x68 C:/Program Files (x86)/Atmel/Studio/7.0/Packs/Atmel/ATmega_DFP/1.4.331/gcc/dev/atmega328p/avr5/crtatmega328p.o
                0x00000000                __vector_default
                0x00000000                __vectors
 *(.vectors)
 *(.progmem.gcc*)
                0x00000068                . = ALIGN (0x2)
                0x00000068                __trampolines_start = .
 *(.trampolines)
 .trampolines   0x00000068        0x0 linker stubs
 *(.trampolines*)
                0x00000068                __trampolines_end = .
 *libprintf_flt.a:*(.progmem.data)
 *libc.a:*(.progmem.data)
 *(.progmem*)
 .progmem.data._ZL21tone_pin_to_timer_PGM
                0x00000068        0x1 Arduino/hardware/avr/cores/arduino/Tone.o
 .progmem.data.digital_pin_to_timer_PGM
                0x00000069       0x14 Arduino/hardware/avr/cores/arduino/wiring_digital.o
                0x00000069                digital_pin_to_timer_PGM
 .progmem.data.digital_pin_to_bit_mask_PGM
                0x0000007d       0x14 Arduino/hardware/avr/cores/arduino/wiring_digital.o
                0x0000007d                digital_pin_to_bit_mask_PGM
 .progmem.data.digital_pin_to_port_PGM
                0x00000091       0x14 Arduino/hardware/avr/cores/arduino/wiring_digital.o
                0x00000091                digital_pin_to_port_PGM
 .progmem.data.port_to_input_PGM
                0x000000a5        0xa Arduino/hardware/avr/cores/arduino/wiring_digital.o
                0x000000a5                port_to_input_PGM
 .progmem.data.port_to_output_PGM
                0x000000af        0xa Arduino/hardware/avr/cores/arduino/wiring_digital.o
                0x000000af                port_to_output_PGM
 .progmem.data.port_to_mode_PGM
                0x000000b9        0xa Arduino/hardware/avr/cores/arduino/wiring_digital.o
                0x000000b9                port_to_mode_PGM
                0x000000c4                . = ALIGN (0x2)
 *fill*         0x000000c3        0x1 
 *(.jumptables)
 *(.jumptables*)
 *(.lowtext)
 *(.lowtext*)
                0x000000c4                __ctors_start = .
 *(.ctors)
 .ctors         0x000000c4        0x2 Arduino/hardware/avr/cores/arduino/HardwareSerial0.o
 .ctors         0x000000c6        0x2 Arduino/hardware/avr/cores/arduino/IPAddress.o
                0x000000c8                __ctors_end = .
                0x000000c8                __dtors_start = .
 *(.dtors)
                0x000000c8                __dtors_end = .
 SORT(*)(.ctors)
 SORT(*)(.dtors)
 *(.init0)
 .init0         0x000000c8        0x0 C:/Program Files (x86)/Atmel/Studio/7.0/Packs/Atmel/ATmega_DFP/1.4.331/gcc/dev/atmega328p/avr5/crtatmega328p.o
                0x000000c8                __init
 *(.init0)
 *(.init1)
 *(.init1)
 *(.init2)
 .init2         0x000000c8        0xc C:/Program Files (x86)/Atmel/Studio/7.0/Packs/Atmel/ATmega_DFP/1.4.331/gcc/dev/atmega328p/avr5/crtatmega328p.o
 *(.init2)
 *(.init3)
 *(.init3)
 *(.init4)
 .init4         0x000000d4       0x16 c:/program files (x86)/atmel/studio/7.0/toolchain/avr8/avr8-gnu-toolchain/bin/../lib/gcc/avr/5.4.0/avr5\libgcc.a(_copy_data.o)
                0x000000d4                __do_copy_data
 .init4         0x000000ea       0x10 c:/program files (x86)/atmel/studio/7.0/toolchain/avr8/avr8-gnu-toolchain/bin/../lib/gcc/avr/5.4.0/avr5\libgcc.a(_clear_bss.o)
                0x000000ea                __do_clear_bss
 *(.init4)
 *(.init5)
 *(.init5)
 *(.init6)
 .init6         0x000000fa       0x16 c:/program files (x86)/atmel/studio/7.0/toolchain/avr8/avr8-gnu-toolchain/bin/../lib/gcc/avr/5.4.0/avr5\libgcc.a(_ctors.o)
                0x000000fa                __do_global_ctors
 *(.init6)
 *(.init7)
 *(.init7)
 *(.init8)
 *(.init8)
 *(.init9)
 .init9         0x00000110        0x8 C:/Program Files (x86)/Atmel/Studio/7.0/Packs/Atmel/ATmega_DFP/1.4.331/gcc/dev/atmega328p/avr5/crtatmega328p.o
 *(.init9)
 *(.text)
 .text          0x00000118        0x4 C:/Program Files (x86)/Atmel/Studio/7.0/Packs/Atmel/ATmega_DFP/1.4.331/gcc/dev/atmega328p/avr5/crtatmega328p.o
                0x00000118                __vector_22
                0x00000118                __vector_24
                0x00000118                __vector_12
                0x00000118                __bad_interrupt
                0x00000118                __vector_6
                0x00000118                __vector_23
                0x00000118                __vector_25
                0x00000118                __vector_11
                0x00000118                __vector_13
                0x00000118                __vector_17
                0x00000118                __vector_9
                0x00000118                __vector_21
                0x00000118                __vector_15
                0x00000118                __vector_8
                0x00000118                __vector_14
                0x00000118                __vector_10
                0x00000118                __vector_20
                0x0000011c                . = ALIGN (0x2)
 *(.text.*)
 .text._ZN14HardwareSerial9availableEv
                0x0000011c       0x18 Arduino/hardware/avr/cores/arduino/HardwareSerial.o
                0x0000011c                _ZN14HardwareSerial9availableEv
 .text._ZN14HardwareSerial4peekEv
                0x00000134       0x1c Arduino/hardware/avr/cores/arduino/HardwareSerial.o
                0x00000134                _ZN14HardwareSerial4peekEv
 .text._ZN14HardwareSerial4readEv
                0x00000150       0x28 Arduino/hardware/avr/cores/arduino/HardwareSerial.o
                0x00000150                _ZN14HardwareSerial4readEv
 .text._ZN14HardwareSerial17availableForWriteEv
                0x00000178       0x24 Arduino/hardware/avr/cores/arduino/HardwareSerial.o
                0x00000178                _ZN14HardwareSerial17availableForWriteEv
 .text._Z14serialEventRunv
                0x0000019c       0x1c Arduino/hardware/avr/cores/arduino/HardwareSerial.o
                0x0000019c                _Z14serialEventRunv
 .text._ZN14HardwareSerial17_tx_udr_empty_irqEv
                0x000001b8       0x56 Arduino/hardware/avr/cores/arduino/HardwareSerial.o
                0x000001b8                _ZN14HardwareSerial17_tx_udr_empty_irqEv
 .text._ZN14HardwareSerial5flushEv
                0x0000020e       0x48 Arduino/hardware/avr/cores/arduino/HardwareSerial.o
                0x0000020e                _ZN14HardwareSerial5flushEv
 .text._ZN14HardwareSerial5writeEh
                0x00000256       0xaa Arduino/hardware/avr/cores/arduino/HardwareSerial.o
                0x00000256                _ZN14HardwareSerial5writeEh
 .text._ZN14HardwareSerial5beginEmh
                0x00000300       0xca Arduino/hardware/avr/cores/arduino/HardwareSerial.o
                0x00000300                _ZN14HardwareSerial5beginEmh
 .text._ZN5Print17availableForWriteEv
                0x000003ca        0x6 Arduino/hardware/avr/cores/arduino/HardwareSerial0.o
                0x000003ca                _ZN5Print17availableForWriteEv
 .text.__vector_18
                0x000003d0       0x70 Arduino/hardware/avr/cores/arduino/HardwareSerial0.o
                0x000003d0                __vector_18
 .text.__vector_19
                0x00000440       0x4c Arduino/hardware/avr/cores/arduino/HardwareSerial0.o
                0x00000440                __vector_19
 .text._Z17Serial0_availablev
                0x0000048c       0x14 Arduino/hardware/avr/cores/arduino/HardwareSerial0.o
                0x0000048c                _Z17Serial0_availablev
 .text._GLOBAL__sub_I___vector_18
                0x000004a0       0x5a Arduino/hardware/avr/cores/arduino/HardwareSerial0.o
 .text._ZNK9IPAddress7printToER5Print
                0x000004fa       0x84 Arduino/hardware/avr/cores/arduino/IPAddress.o
                0x000004fa                _ZNK9IPAddress7printToER5Print
 .text._GLOBAL__sub_I__ZN9IPAddressC2Ev
                0x0000057e       0x16 Arduino/hardware/avr/cores/arduino/IPAddress.o
 .text.initVariant
                0x00000594        0x2 Arduino/hardware/avr/cores/arduino/main.o
                0x00000594                initVariant
 .text.main     0x00000596       0x1a Arduino/hardware/avr/cores/arduino/main.o
                0x00000596                main
 .text._Znwj    0x000005b0        0x6 Arduino/hardware/avr/cores/arduino/new.o
                0x000005b0                _Znwj
 .text._ZN5Print5writeEPKhj
                0x000005b6       0x5e Arduino/hardware/avr/cores/arduino/Print.o
                0x000005b6                _ZN5Print5writeEPKhj
 .text._ZN5Print5printEPKc
                0x00000614       0x2c Arduino/hardware/avr/cores/arduino/Print.o
                0x00000614                _ZN5Print5printEPKc
 .text._ZN5Print5printEc
                0x00000640       0x10 Arduino/hardware/avr/cores/arduino/Print.o
                0x00000640                _ZN5Print5printEc
 .text._ZN5Print7printlnEv
                0x00000650       0x18 Arduino/hardware/avr/cores/arduino/Print.o
                0x00000650                _ZN5Print7printlnEv
 .text._ZN5Print7printlnEPKc
                0x00000668       0x24 Arduino/hardware/avr/cores/arduino/Print.o
                0x00000668                _ZN5Print7printlnEPKc
 .text._ZN5Print11printNumberEmh
                0x0000068c       0xbe Arduino/hardware/avr/cores/arduino/Print.o
                0x0000068c                _ZN5Print11printNumberEmh
 .text._ZN5Print5printEmi
                0x0000074a       0x1e Arduino/hardware/avr/cores/arduino/Print.o
                0x0000074a                _ZN5Print5printEmi
 .text._ZN5Print5printEhi
                0x00000768       0x10 Arduino/hardware/avr/cores/arduino/Print.o
                0x00000768                _ZN5Print5printEhi
 .text._Z12disableTimerh
                0x00000778       0x40 Arduino/hardware/avr/cores/arduino/Tone.o
                0x00000778                _Z12disableTimerh
 .text._Z6noToneh
                0x000007b8       0x2c Arduino/hardware/avr/cores/arduino/Tone.o
                0x000007b8                _Z6noToneh
 .text.__vector_7
                0x000007e4       0xb8 Arduino/hardware/avr/cores/arduino/Tone.o
                0x000007e4                __vector_7
 .text.nothing  0x0000089c        0x2 Arduino/hardware/avr/cores/arduino/WInterrupts.o
 .text.__vector_1
                0x0000089e       0x4e Arduino/hardware/avr/cores/arduino/WInterrupts.o
                0x0000089e                __vector_1
 .text.__vector_2
                0x000008ec       0x4e Arduino/hardware/avr/cores/arduino/WInterrupts.o
                0x000008ec                __vector_2
 .text.__vector_16
                0x0000093a       0x94 Arduino/hardware/avr/cores/arduino/wiring.o
                0x0000093a                __vector_16
 .text.init     0x000009ce       0x76 Arduino/hardware/avr/cores/arduino/wiring.o
                0x000009ce                init
 .text.turnOffPWM
                0x00000a44       0x5e Arduino/hardware/avr/cores/arduino/wiring_digital.o
 .text.pinMode  0x00000aa2       0x7e Arduino/hardware/avr/cores/arduino/wiring_digital.o
                0x00000aa2                pinMode
 .text.digitalWrite
                0x00000b20       0x62 Arduino/hardware/avr/cores/arduino/wiring_digital.o
                0x00000b20                digitalWrite
 .text._ZN14SoftwareSerial4readEv
                0x00000b82       0x40 Arduino/hardware/avr/libraries/SoftwareSerial/src/SoftwareSerial.o
                0x00000b82                _ZN14SoftwareSerial4readEv
 .text._ZN14SoftwareSerial9availableEv
                0x00000bc2       0x3a Arduino/hardware/avr/libraries/SoftwareSerial/src/SoftwareSerial.o
                0x00000bc2                _ZN14SoftwareSerial9availableEv
 .text._ZN14SoftwareSerial5writeEh
                0x00000bfc       0x96 Arduino/hardware/avr/libraries/SoftwareSerial/src/SoftwareSerial.o
                0x00000bfc                _ZN14SoftwareSerial5writeEh
 .text._ZN14SoftwareSerial5flushEv
                0x00000c92        0x2 Arduino/hardware/avr/libraries/SoftwareSerial/src/SoftwareSerial.o
                0x00000c92                _ZN14SoftwareSerial5flushEv
 .text._ZN14SoftwareSerial4peekEv
                0x00000c94       0x36 Arduino/hardware/avr/libraries/SoftwareSerial/src/SoftwareSerial.o
                0x00000c94                _ZN14SoftwareSerial4peekEv
 .text._ZN14SoftwareSerial13stopListeningEv
                0x00000cca       0x2c Arduino/hardware/avr/libraries/SoftwareSerial/src/SoftwareSerial.o
                0x00000cca                _ZN14SoftwareSerial13stopListeningEv
 .text._ZN14SoftwareSerial6listenEv
                0x00000cf6       0x56 Arduino/hardware/avr/libraries/SoftwareSerial/src/SoftwareSerial.o
                0x00000cf6                _ZN14SoftwareSerial6listenEv
 .text.__vector_3
                0x00000d4c      0x14a Arduino/hardware/avr/libraries/SoftwareSerial/src/SoftwareSerial.o
                0x00000d4c                __vector_5
                0x00000d4c                __vector_4
                0x00000d4c                __vector_3
 .text._ZN14SoftwareSerial5setTXEh
                0x00000e96       0x52 Arduino/hardware/avr/libraries/SoftwareSerial/src/SoftwareSerial.o
                0x00000e96                _ZN14SoftwareSerial5setTXEh
 .text._ZN14SoftwareSerial5setRXEh
                0x00000ee8       0x52 Arduino/hardware/avr/libraries/SoftwareSerial/src/SoftwareSerial.o
                0x00000ee8                _ZN14SoftwareSerial5setRXEh
 .text._ZN14SoftwareSerialC2Ehhb
                0x00000f3a       0x58 Arduino/hardware/avr/libraries/SoftwareSerial/src/SoftwareSerial.o
                0x00000f3a                _ZN14SoftwareSerialC1Ehhb
                0x00000f3a                _ZN14SoftwareSerialC2Ehhb
 .text._ZN14SoftwareSerial5beginEl
                0x00000f92      0x124 Arduino/hardware/avr/libraries/SoftwareSerial/src/SoftwareSerial.o
                0x00000f92                _ZN14SoftwareSerial5beginEl
 .text._ZN25AuthorizationHandlerClassC2EP21GsmCommunicationClass
                0x000010b6        0x8 src/AuthorizationHandlerClass.o
                0x000010b6                _ZN25AuthorizationHandlerClassC1EP21GsmCommunicationClass
                0x000010b6                _ZN25AuthorizationHandlerClassC2EP21GsmCommunicationClass
 .text._ZN25AuthorizationHandlerClass18checkAuthorizationEPcP21ContactDirectoryClass
                0x000010be      0x174 src/AuthorizationHandlerClass.o
                0x000010be                _ZN25AuthorizationHandlerClass18checkAuthorizationEPcP21ContactDirectoryClass
 .text._ZN25AuthorizationHandlerClass10answerCallEv
                0x00001232       0x48 src/AuthorizationHandlerClass.o
                0x00001232                _ZN25AuthorizationHandlerClass10answerCallEv
 .text._ZN25AuthorizationHandlerClass18handleReceivedCallEP21ContactDirectoryClassS1_
                0x0000127a       0xb6 src/AuthorizationHandlerClass.o
                0x0000127a                _ZN25AuthorizationHandlerClass18handleReceivedCallEP21ContactDirectoryClassS1_
 .text._ZN12ContactClassC2EPcS0_
                0x00001330       0x24 src/ContactClass.o
                0x00001330                _ZN12ContactClassC2EPcS0_
                0x00001330                _ZN12ContactClassC1EPcS0_
 .text._ZN21ContactDirectoryClassC2Ev
                0x00001354        0xc src/ContactDirectoryClass.o
                0x00001354                _ZN21ContactDirectoryClassC1Ev
                0x00001354                _ZN21ContactDirectoryClassC2Ev
 .text._ZN21ContactDirectoryClass9pushFrontEP12ContactClass
                0x00001360       0x3a src/ContactDirectoryClass.o
                0x00001360                _ZN21ContactDirectoryClass9pushFrontEP12ContactClass
 .text._ZN21ContactDirectoryClass10addContactEPcS0_i
                0x0000139a       0xee src/ContactDirectoryClass.o
                0x0000139a                _ZN21ContactDirectoryClass10addContactEPcS0_i
 .text._ZN11EepromClassC2Ev
                0x00001488        0x2 src/EepromClass.o
                0x00001488                _ZN11EepromClassC2Ev
                0x00001488                _ZN11EepromClassC1Ev
 .text._ZN11EepromClassD2Ev
                0x0000148a        0x2 src/EepromClass.o
                0x0000148a                _ZN11EepromClassD2Ev
                0x0000148a                _ZN11EepromClassD1Ev
 .text._ZN11EepromClass16getEepromAddressEv
                0x0000148c       0x2c src/EepromClass.o
                0x0000148c                _ZN11EepromClass16getEepromAddressEv
 .text._ZN11EepromClass24eepromToContactDirectoryEP21ContactDirectoryClass
                0x000014b8      0x144 src/EepromClass.o
                0x000014b8                _ZN11EepromClass24eepromToContactDirectoryEP21ContactDirectoryClass
 .text._ZN11EepromClass18addContactToEepromEPcS0_
                0x000015fc      0x132 src/EepromClass.o
                0x000015fc                _ZN11EepromClass18addContactToEepromEPcS0_
 .text._ZN11EepromClass11clearEepromEv
                0x0000172e       0x3c src/EepromClass.o
                0x0000172e                _ZN11EepromClass11clearEepromEv
 .text._ZN21GsmCommunicationClass13displayStringEPc
                0x0000176a       0x34 src/GsmCommunicationClass.o
                0x0000176a                _ZN21GsmCommunicationClass13displayStringEPc
 .text._ZN21GsmCommunicationClass10readSerialEv
                0x0000179e       0x92 src/GsmCommunicationClass.o
                0x0000179e                _ZN21GsmCommunicationClass10readSerialEv
 .text._ZN21GsmCommunicationClassC2EP14SoftwareSerial
                0x00001830       0x66 src/GsmCommunicationClass.o
                0x00001830                _ZN21GsmCommunicationClassC1EP14SoftwareSerial
                0x00001830                _ZN21GsmCommunicationClassC2EP14SoftwareSerial
 .text._ZN21GsmCommunicationClass12setUpSmsModeEv
                0x00001896       0xc0 src/GsmCommunicationClass.o
                0x00001896                _ZN21GsmCommunicationClass12setUpSmsModeEv
 .text._ZN21GsmCommunicationClass15checkConnectionEv
                0x00001956       0xc6 src/GsmCommunicationClass.o
                0x00001956                _ZN21GsmCommunicationClass15checkConnectionEv
 .text._ZN21GsmCommunicationClass9sendAtCmdEPc
                0x00001a1c        0xc src/GsmCommunicationClass.o
                0x00001a1c                _ZN21GsmCommunicationClass9sendAtCmdEPc
 .text._ZN13GpioPortClassC2EPh
                0x00001a28       0x20 src/Leds.o
                0x00001a28                _ZN13GpioPortClassC1EPh
                0x00001a28                _ZN13GpioPortClassC2EPh
 .text._ZN13GpioPortClass9ToggleLedEi
                0x00001a48       0x56 src/Leds.o
                0x00001a48                _ZN13GpioPortClass9ToggleLedEi
 .text.main_ArduinoLockOpener
                0x00001a9e      0x172 src/main_LockOpener.o
                0x00001a9e                main_ArduinoLockOpener
 .text._ZN15SmsHandlerClassC2EP21GsmCommunicationClassP25AuthorizationHandlerClass
                0x00001c10       0x32 src/SmsHandlerClass.o
                0x00001c10                _ZN15SmsHandlerClassC1EP21GsmCommunicationClassP25AuthorizationHandlerClass
                0x00001c10                _ZN15SmsHandlerClassC2EP21GsmCommunicationClassP25AuthorizationHandlerClass
 .text._ZN15SmsHandlerClass7readSmsEPc
                0x00001c42       0x5a src/SmsHandlerClass.o
                0x00001c42                _ZN15SmsHandlerClass7readSmsEPc
 .text._ZN15SmsHandlerClass23isolateSmsSenderPhoneNrEPc
                0x00001c9c       0x94 src/SmsHandlerClass.o
                0x00001c9c                _ZN15SmsHandlerClass23isolateSmsSenderPhoneNrEPc
 .text._ZN15SmsHandlerClass17handleReceivedSmsEP21ContactDirectoryClass
                0x00001d30       0xc6 src/SmsHandlerClass.o
                0x00001d30                _ZN15SmsHandlerClass17handleReceivedSmsEP21ContactDirectoryClass
 .text.libgcc.div
                0x00001df6       0x44 c:/program files (x86)/atmel/studio/7.0/toolchain/avr8/avr8-gnu-toolchain/bin/../lib/gcc/avr/5.4.0/avr5\libgcc.a(_udivmodsi4.o)
                0x00001df6                __udivmodsi4
 .text.libgcc   0x00001e3a        0xc c:/program files (x86)/atmel/studio/7.0/toolchain/avr8/avr8-gnu-toolchain/bin/../lib/gcc/avr/5.4.0/avr5\libgcc.a(_tablejump2.o)
                0x00001e3a                __tablejump2__
 .text.avr-libc
                0x00001e46      0x242 c:/program files (x86)/atmel/studio/7.0/toolchain/avr8/avr8-gnu-toolchain/bin/../lib/gcc/avr/5.4.0/../../../../avr/lib/avr5\libc.a(malloc.o)
                0x00001e46                malloc
                0x00001f76                free
 .text.avr-libc
                0x00002088        0xe c:/program files (x86)/atmel/studio/7.0/toolchain/avr8/avr8-gnu-toolchain/bin/../lib/gcc/avr/5.4.0/../../../../avr/lib/avr5\libc.a(strcpy.o)
                0x00002088                strcpy
 .text.avr-libc
                0x00002096       0x34 c:/program files (x86)/atmel/studio/7.0/toolchain/avr8/avr8-gnu-toolchain/bin/../lib/gcc/avr/5.4.0/../../../../avr/lib/avr5\libc.a(strstr.o)
                0x00002096                strstr
 .text.avr-libc
                0x000020ca       0x44 c:/program files (x86)/atmel/studio/7.0/toolchain/avr8/avr8-gnu-toolchain/bin/../lib/gcc/avr/5.4.0/../../../../avr/lib/avr5\libc.a(sprintf.o)
                0x000020ca                sprintf
 .text.avr-libc
                0x0000210e      0x3c2 c:/program files (x86)/atmel/studio/7.0/toolchain/avr8/avr8-gnu-toolchain/bin/../lib/gcc/avr/5.4.0/../../../../avr/lib/avr5\libc.a(vfprintf_std.o)
                0x0000210e                vfprintf
 .text.avr-libc
                0x000024d0       0x16 c:/program files (x86)/atmel/studio/7.0/toolchain/avr8/avr8-gnu-toolchain/bin/../lib/gcc/avr/5.4.0/../../../../avr/lib/avr5\libc.a(strnlen_P.o)
                0x000024d0                strnlen_P
 .text.avr-libc
                0x000024e6       0x16 c:/program files (x86)/atmel/studio/7.0/toolchain/avr8/avr8-gnu-toolchain/bin/../lib/gcc/avr/5.4.0/../../../../avr/lib/avr5\libc.a(strnlen.o)
                0x000024e6                strnlen
 .text.avr-libc
                0x000024fc       0x78 c:/program files (x86)/atmel/studio/7.0/toolchain/avr8/avr8-gnu-toolchain/bin/../lib/gcc/avr/5.4.0/../../../../avr/lib/avr5\libc.a(fputc.o)
                0x000024fc                fputc
 .text.avr-libc
                0x00002574       0xbc c:/program files (x86)/atmel/studio/7.0/toolchain/avr8/avr8-gnu-toolchain/bin/../lib/gcc/avr/5.4.0/../../../../avr/lib/avr5\libc.a(ultoa_invert.o)
                0x00002574                __ultoa_invert
 .text.avr-libc
                0x00002630       0x10 C:/Program Files (x86)/Atmel/Studio/7.0/Packs/Atmel/ATmega_DFP/1.4.331/gcc/dev/atmega328p/avr5\libatmega328p.a(eerd_byte.o)
                0x00002630                eeprom_read_byte
 .text.avr-libc
                0x00002640       0x1c C:/Program Files (x86)/Atmel/Studio/7.0/Packs/Atmel/ATmega_DFP/1.4.331/gcc/dev/atmega328p/avr5\libatmega328p.a(eewr_byte.o)
                0x00002640                eeprom_write_byte
                0x00002642                eeprom_write_r18
 .text.libgcc.prologue
                0x0000265c       0x38 c:/program files (x86)/atmel/studio/7.0/toolchain/avr8/avr8-gnu-toolchain/bin/../lib/gcc/avr/5.4.0/avr5\libgcc.a(_prologue.o)
                0x0000265c                __prologue_saves__
 .text.libgcc.prologue
                0x00002694       0x36 c:/program files (x86)/atmel/studio/7.0/toolchain/avr8/avr8-gnu-toolchain/bin/../lib/gcc/avr/5.4.0/avr5\libgcc.a(_epilogue.o)
                0x00002694                __epilogue_restores__
                0x000026ca                . = ALIGN (0x2)
 *(.fini9)
 .fini9         0x000026ca        0x0 c:/program files (x86)/atmel/studio/7.0/toolchain/avr8/avr8-gnu-toolchain/bin/../lib/gcc/avr/5.4.0/avr5\libgcc.a(_exit.o)
                0x000026ca                _exit
                0x000026ca                exit
 *(.fini9)
 *(.fini8)
 *(.fini8)
 *(.fini7)
 *(.fini7)
 *(.fini6)
 *(.fini6)
 *(.fini5)
 *(.fini5)
 *(.fini4)
 *(.fini4)
 *(.fini3)
 *(.fini3)
 *(.fini2)
 *(.fini2)
 *(.fini1)
 *(.fini1)
 *(.fini0)
 .fini0         0x000026ca        0x4 c:/program files (x86)/atmel/studio/7.0/toolchain/avr8/avr8-gnu-toolchain/bin/../lib/gcc/avr/5.4.0/avr5\libgcc.a(_exit.o)
 *(.fini0)
                0x000026ce                _etext = .

.data           0x00800100      0x26a load address 0x000026ce
                0x00800100                PROVIDE (__data_start, .)
 *(.data)
 .data          0x00800100        0x6 c:/program files (x86)/atmel/studio/7.0/toolchain/avr8/avr8-gnu-toolchain/bin/../lib/gcc/avr/5.4.0/../../../../avr/lib/avr5\libc.a(malloc.o)
                0x00800100                __malloc_heap_end
                0x00800102                __malloc_heap_start
                0x00800104                __malloc_margin
 *(.data*)
 .data._ZL9tone_pins
                0x00800106        0x1 Arduino/hardware/avr/cores/arduino/Tone.o
 .data.intFunc  0x00800107        0x4 Arduino/hardware/avr/cores/arduino/WInterrupts.o
 *(.gnu.linkonce.d*)
 *(.rodata)
 *(.rodata*)
 .rodata._ZTV14HardwareSerial
                0x0080010b       0x12 Arduino/hardware/avr/cores/arduino/HardwareSerial.o
                0x0080010b                _ZTV14HardwareSerial
 .rodata._ZTV9IPAddress
                0x0080011d        0x6 Arduino/hardware/avr/cores/arduino/IPAddress.o
                0x0080011d                _ZTV9IPAddress
 .rodata.str1.1
                0x00800123        0xf Arduino/hardware/avr/cores/arduino/Print.o
 .rodata._ZTV14SoftwareSerial
                0x00800132       0x12 Arduino/hardware/avr/libraries/SoftwareSerial/src/SoftwareSerial.o
                0x00800132                _ZTV14SoftwareSerial
 .rodata.str1.1
                0x00800144       0xa1 src/AuthorizationHandlerClass.o
 .rodata.str1.1
                0x008001e5       0x1a src/ContactDirectoryClass.o
 .rodata.str1.1
                0x008001ff       0x35 src/EepromClass.o
                                 0x3f (size before relaxing)
 .rodata.str1.1
                0x00800234       0xa9 src/GsmCommunicationClass.o
                                 0xab (size before relaxing)
 .rodata.str1.1
                0x008002dd       0x2e src/main_LockOpener.o
 .rodata.str1.1
                0x0080030b       0x5f src/SmsHandlerClass.o
                                 0x62 (size before relaxing)
 *(.gnu.linkonce.r*)
                0x0080036a                . = ALIGN (0x2)
                0x0080036a                _edata = .
                0x0080036a                PROVIDE (__data_end, .)

.bss            0x0080036a      0x1bb
                0x0080036a                PROVIDE (__bss_start, .)
 *(.bss)
 *(.bss*)
 .bss.Serial    0x0080036a       0x9d Arduino/hardware/avr/cores/arduino/HardwareSerial0.o
                0x0080036a                Serial
 .bss._ZL11INADDR_NONE
                0x00800407        0x6 Arduino/hardware/avr/cores/arduino/IPAddress.o
 .bss.timer2_pin_mask
                0x0080040d        0x1 Arduino/hardware/avr/cores/arduino/Tone.o
                0x0080040d                timer2_pin_mask
 .bss.timer2_pin_port
                0x0080040e        0x2 Arduino/hardware/avr/cores/arduino/Tone.o
                0x0080040e                timer2_pin_port
 .bss.timer2_toggle_count
                0x00800410        0x4 Arduino/hardware/avr/cores/arduino/Tone.o
                0x00800410                timer2_toggle_count
 .bss.timer0_fract
                0x00800414        0x1 Arduino/hardware/avr/cores/arduino/wiring.o
 .bss.timer0_millis
                0x00800415        0x4 Arduino/hardware/avr/cores/arduino/wiring.o
                0x00800415                timer0_millis
 .bss.timer0_overflow_count
                0x00800419        0x4 Arduino/hardware/avr/cores/arduino/wiring.o
                0x00800419                timer0_overflow_count
 .bss._ZN14SoftwareSerial20_receive_buffer_headE
                0x0080041d        0x1 Arduino/hardware/avr/libraries/SoftwareSerial/src/SoftwareSerial.o
                0x0080041d                _ZN14SoftwareSerial20_receive_buffer_headE
 .bss._ZN14SoftwareSerial20_receive_buffer_tailE
                0x0080041e        0x1 Arduino/hardware/avr/libraries/SoftwareSerial/src/SoftwareSerial.o
                0x0080041e                _ZN14SoftwareSerial20_receive_buffer_tailE
 .bss._ZN14SoftwareSerial15_receive_bufferE
                0x0080041f      0x100 Arduino/hardware/avr/libraries/SoftwareSerial/src/SoftwareSerial.o
                0x0080041f                _ZN14SoftwareSerial15_receive_bufferE
 .bss._ZN14SoftwareSerial13active_objectE
                0x0080051f        0x2 Arduino/hardware/avr/libraries/SoftwareSerial/src/SoftwareSerial.o
                0x0080051f                _ZN14SoftwareSerial13active_objectE
 *(COMMON)
 COMMON         0x00800521        0x4 c:/program files (x86)/atmel/studio/7.0/toolchain/avr8/avr8-gnu-toolchain/bin/../lib/gcc/avr/5.4.0/../../../../avr/lib/avr5\libc.a(malloc.o)
                0x00800521                __brkval
                0x00800523                __flp
                0x00800525                PROVIDE (__bss_end, .)
                0x000026ce                __data_load_start = LOADADDR (.data)
                0x00002938                __data_load_end = (__data_load_start + SIZEOF (.data))

.noinit         0x00800525        0x0
                [!provide]                PROVIDE (__noinit_start, .)
 *(.noinit*)
                [!provide]                PROVIDE (__noinit_end, .)
                0x00800525                _end = .
                0x00800525                PROVIDE (__heap_start, .)

.eeprom         0x00810000        0x0
 *(.eeprom*)
                0x00810000                __eeprom_end = .

.fuse
 *(.fuse)
 *(.lfuse)
 *(.hfuse)
 *(.efuse)

.lock
 *(.lock*)

.signature
 *(.signature*)

.user_signatures
 *(.user_signatures*)

.stab
 *(.stab)

.stabstr
 *(.stabstr)

.stab.excl
 *(.stab.excl)

.stab.exclstr
 *(.stab.exclstr)

.stab.index
 *(.stab.index)

.stab.indexstr
 *(.stab.indexstr)

.comment        0x00000000       0x5c
 *(.comment)
 .comment       0x00000000       0x30 Arduino/hardware/avr/cores/arduino/HardwareSerial.o
                                 0x31 (size before relaxing)
 .comment       0x00000030       0x31 Arduino/hardware/avr/cores/arduino/HardwareSerial0.o
 .comment       0x00000030       0x31 Arduino/hardware/avr/cores/arduino/IPAddress.o
 .comment       0x00000030       0x31 Arduino/hardware/avr/cores/arduino/main.o
 .comment       0x00000030       0x31 Arduino/hardware/avr/cores/arduino/new.o
 .comment       0x00000030       0x31 Arduino/hardware/avr/cores/arduino/Print.o
 .comment       0x00000030       0x31 Arduino/hardware/avr/cores/arduino/Tone.o
 .comment       0x00000030       0x31 Arduino/hardware/avr/cores/arduino/WInterrupts.o
 .comment       0x00000030       0x31 Arduino/hardware/avr/cores/arduino/wiring.o
 .comment       0x00000030       0x31 Arduino/hardware/avr/cores/arduino/wiring_digital.o
 .comment       0x00000030       0x31 Arduino/hardware/avr/libraries/SoftwareSerial/src/SoftwareSerial.o
 .comment       0x00000030       0x31 src/AuthorizationHandlerClass.o
 .comment       0x00000030       0x31 src/ContactClass.o
 .comment       0x00000030       0x31 src/ContactDirectoryClass.o
 .comment       0x00000030       0x31 src/EepromClass.o
 .comment       0x00000030       0x31 src/GsmCommunicationClass.o
 .comment       0x00000030       0x31 src/Leds.o
 .comment       0x00000030       0x31 src/main_LockOpener.o
 .comment       0x00000030       0x31 src/SmsHandlerClass.o
 .comment       0x00000030       0x31 c:/program files (x86)/atmel/studio/7.0/toolchain/avr8/avr8-gnu-toolchain/bin/../lib/gcc/avr/5.4.0/../../../../avr/lib/avr5\libc.a(malloc.o)
 .comment       0x00000030       0x31 c:/program files (x86)/atmel/studio/7.0/toolchain/avr8/avr8-gnu-toolchain/bin/../lib/gcc/avr/5.4.0/../../../../avr/lib/avr5\libc.a(sprintf.o)
 .comment       0x00000030       0x2c c:/program files (x86)/atmel/studio/7.0/toolchain/avr8/avr8-gnu-toolchain/bin/../lib/gcc/avr/5.4.0/../../../../avr/lib/avr5\libc.a(vfprintf_std.o)
                                 0x2d (size before relaxing)
 .comment       0x0000005c       0x31 c:/program files (x86)/atmel/studio/7.0/toolchain/avr8/avr8-gnu-toolchain/bin/../lib/gcc/avr/5.4.0/../../../../avr/lib/avr5\libc.a(fputc.o)

.note.gnu.avr.deviceinfo
                0x00000000       0x40
 .note.gnu.avr.deviceinfo
                0x00000000       0x40 C:/Program Files (x86)/Atmel/Studio/7.0/Packs/Atmel/ATmega_DFP/1.4.331/gcc/dev/atmega328p/avr5/crtatmega328p.o

.note.gnu.build-id
 *(.note.gnu.build-id)

.debug
 *(.debug)

.line
 *(.line)

.debug_srcinfo
 *(.debug_srcinfo)

.debug_sfnames
 *(.debug_sfnames)

.debug_aranges  0x00000000      0x640
 *(.debug_aranges)
 .debug_aranges
                0x00000000       0x68 Arduino/hardware/avr/cores/arduino/HardwareSerial.o
 .debug_aranges
                0x00000068       0x48 Arduino/hardware/avr/cores/arduino/HardwareSerial0.o
 .debug_aranges
                0x000000b0       0x68 Arduino/hardware/avr/cores/arduino/IPAddress.o
 .debug_aranges
                0x00000118       0x38 Arduino/hardware/avr/cores/arduino/main.o
 .debug_aranges
                0x00000150       0x38 Arduino/hardware/avr/cores/arduino/new.o
 .debug_aranges
                0x00000188       0xf8 Arduino/hardware/avr/cores/arduino/Print.o
 .debug_aranges
                0x00000280       0x38 Arduino/hardware/avr/cores/arduino/Tone.o
 .debug_aranges
                0x000002b8       0x40 Arduino/hardware/avr/cores/arduino/WInterrupts.o
 .debug_aranges
                0x000002f8       0x48 Arduino/hardware/avr/cores/arduino/wiring.o
 .debug_aranges
                0x00000340       0x38 Arduino/hardware/avr/cores/arduino/wiring_digital.o
 .debug_aranges
                0x00000378       0xa8 Arduino/hardware/avr/libraries/SoftwareSerial/src/SoftwareSerial.o
 .debug_aranges
                0x00000420       0x40 src/AuthorizationHandlerClass.o
 .debug_aranges
                0x00000460       0x28 src/ContactClass.o
 .debug_aranges
                0x00000488       0x38 src/ContactDirectoryClass.o
 .debug_aranges
                0x000004c0       0x50 src/EepromClass.o
 .debug_aranges
                0x00000510       0x58 src/GsmCommunicationClass.o
 .debug_aranges
                0x00000568       0x38 src/Leds.o
 .debug_aranges
                0x000005a0       0x20 src/main_LockOpener.o
 .debug_aranges
                0x000005c0       0x40 src/SmsHandlerClass.o
 .debug_aranges
                0x00000600       0x20 C:/Program Files (x86)/Atmel/Studio/7.0/Packs/Atmel/ATmega_DFP/1.4.331/gcc/dev/atmega328p/avr5\libatmega328p.a(eerd_byte.o)
 .debug_aranges
                0x00000620       0x20 C:/Program Files (x86)/Atmel/Studio/7.0/Packs/Atmel/ATmega_DFP/1.4.331/gcc/dev/atmega328p/avr5\libatmega328p.a(eewr_byte.o)

.debug_pubnames
 *(.debug_pubnames)

.debug_info     0x00000000    0x107b7
 *(.debug_info .gnu.linkonce.wi.*)
 .debug_info    0x00000000      0x5f4 C:/Program Files (x86)/Atmel/Studio/7.0/Packs/Atmel/ATmega_DFP/1.4.331/gcc/dev/atmega328p/avr5/crtatmega328p.o
 .debug_info    0x000005f4     0x1c39 Arduino/hardware/avr/cores/arduino/HardwareSerial.o
 .debug_info    0x0000222d     0x18b9 Arduino/hardware/avr/cores/arduino/HardwareSerial0.o
 .debug_info    0x00003ae6     0x184b Arduino/hardware/avr/cores/arduino/IPAddress.o
 .debug_info    0x00005331      0x224 Arduino/hardware/avr/cores/arduino/main.o
 .debug_info    0x00005555      0x17c Arduino/hardware/avr/cores/arduino/new.o
 .debug_info    0x000056d1     0x2568 Arduino/hardware/avr/cores/arduino/Print.o
 .debug_info    0x00007c39      0x79a Arduino/hardware/avr/cores/arduino/Tone.o
 .debug_info    0x000083d3      0x21c Arduino/hardware/avr/cores/arduino/WInterrupts.o
 .debug_info    0x000085ef      0x2d2 Arduino/hardware/avr/cores/arduino/wiring.o
 .debug_info    0x000088c1      0x5db Arduino/hardware/avr/cores/arduino/wiring_digital.o
 .debug_info    0x00008e9c     0x2600 Arduino/hardware/avr/libraries/SoftwareSerial/src/SoftwareSerial.o
 .debug_info    0x0000b49c      0xafe src/AuthorizationHandlerClass.o
 .debug_info    0x0000bf9a      0x32b src/ContactClass.o
 .debug_info    0x0000c2c5      0x7a1 src/ContactDirectoryClass.o
 .debug_info    0x0000ca66     0x1252 src/EepromClass.o
 .debug_info    0x0000dcb8      0xa6b src/GsmCommunicationClass.o
 .debug_info    0x0000e723      0x3e4 src/Leds.o
 .debug_info    0x0000eb07     0x105e src/main_LockOpener.o
 .debug_info    0x0000fb65      0xb1e src/SmsHandlerClass.o
 .debug_info    0x00010683       0x9a C:/Program Files (x86)/Atmel/Studio/7.0/Packs/Atmel/ATmega_DFP/1.4.331/gcc/dev/atmega328p/avr5\libatmega328p.a(eerd_byte.o)
 .debug_info    0x0001071d       0x9a C:/Program Files (x86)/Atmel/Studio/7.0/Packs/Atmel/ATmega_DFP/1.4.331/gcc/dev/atmega328p/avr5\libatmega328p.a(eewr_byte.o)

.debug_abbrev   0x00000000     0x39df
 *(.debug_abbrev)
 .debug_abbrev  0x00000000      0x5a2 C:/Program Files (x86)/Atmel/Studio/7.0/Packs/Atmel/ATmega_DFP/1.4.331/gcc/dev/atmega328p/avr5/crtatmega328p.o
 .debug_abbrev  0x000005a2      0x417 Arduino/hardware/avr/cores/arduino/HardwareSerial.o
 .debug_abbrev  0x000009b9      0x39d Arduino/hardware/avr/cores/arduino/HardwareSerial0.o
 .debug_abbrev  0x00000d56      0x419 Arduino/hardware/avr/cores/arduino/IPAddress.o
 .debug_abbrev  0x0000116f      0x127 Arduino/hardware/avr/cores/arduino/main.o
 .debug_abbrev  0x00001296       0xbf Arduino/hardware/avr/cores/arduino/new.o
 .debug_abbrev  0x00001355      0x3ce Arduino/hardware/avr/cores/arduino/Print.o
 .debug_abbrev  0x00001723      0x273 Arduino/hardware/avr/cores/arduino/Tone.o
 .debug_abbrev  0x00001996       0xfc Arduino/hardware/avr/cores/arduino/WInterrupts.o
 .debug_abbrev  0x00001a92      0x146 Arduino/hardware/avr/cores/arduino/wiring.o
 .debug_abbrev  0x00001bd8      0x149 Arduino/hardware/avr/cores/arduino/wiring_digital.o
 .debug_abbrev  0x00001d21      0x5c9 Arduino/hardware/avr/libraries/SoftwareSerial/src/SoftwareSerial.o
 .debug_abbrev  0x000022ea      0x35d src/AuthorizationHandlerClass.o
 .debug_abbrev  0x00002647      0x18a src/ContactClass.o
 .debug_abbrev  0x000027d1      0x2ce src/ContactDirectoryClass.o
 .debug_abbrev  0x00002a9f      0x316 src/EepromClass.o
 .debug_abbrev  0x00002db5      0x36d src/GsmCommunicationClass.o
 .debug_abbrev  0x00003122      0x1d9 src/Leds.o
 .debug_abbrev  0x000032fb      0x3af src/main_LockOpener.o
 .debug_abbrev  0x000036aa      0x30d src/SmsHandlerClass.o
 .debug_abbrev  0x000039b7       0x14 C:/Program Files (x86)/Atmel/Studio/7.0/Packs/Atmel/ATmega_DFP/1.4.331/gcc/dev/atmega328p/avr5\libatmega328p.a(eerd_byte.o)
 .debug_abbrev  0x000039cb       0x14 C:/Program Files (x86)/Atmel/Studio/7.0/Packs/Atmel/ATmega_DFP/1.4.331/gcc/dev/atmega328p/avr5\libatmega328p.a(eewr_byte.o)

.debug_line     0x00000000     0x44e9
 *(.debug_line .debug_line.* .debug_line_end)
 .debug_line    0x00000000      0x133 C:/Program Files (x86)/Atmel/Studio/7.0/Packs/Atmel/ATmega_DFP/1.4.331/gcc/dev/atmega328p/avr5/crtatmega328p.o
 .debug_line    0x00000133      0x50f Arduino/hardware/avr/cores/arduino/HardwareSerial.o
 .debug_line    0x00000642      0x2a3 Arduino/hardware/avr/cores/arduino/HardwareSerial0.o
 .debug_line    0x000008e5      0x38d Arduino/hardware/avr/cores/arduino/IPAddress.o
 .debug_line    0x00000c72      0x186 Arduino/hardware/avr/cores/arduino/main.o
 .debug_line    0x00000df8      0x181 Arduino/hardware/avr/cores/arduino/new.o
 .debug_line    0x00000f79      0x6e0 Arduino/hardware/avr/cores/arduino/Print.o
 .debug_line    0x00001659      0x42c Arduino/hardware/avr/cores/arduino/Tone.o
 .debug_line    0x00001a85      0x1b7 Arduino/hardware/avr/cores/arduino/WInterrupts.o
 .debug_line    0x00001c3c      0x2be Arduino/hardware/avr/cores/arduino/wiring.o
 .debug_line    0x00001efa      0x279 Arduino/hardware/avr/cores/arduino/wiring_digital.o
 .debug_line    0x00002173      0x7d9 Arduino/hardware/avr/libraries/SoftwareSerial/src/SoftwareSerial.o
 .debug_line    0x0000294c      0x441 src/AuthorizationHandlerClass.o
 .debug_line    0x00002d8d      0x155 src/ContactClass.o
 .debug_line    0x00002ee2      0x298 src/ContactDirectoryClass.o
 .debug_line    0x0000317a      0x47d src/EepromClass.o
 .debug_line    0x000035f7      0x479 src/GsmCommunicationClass.o
 .debug_line    0x00003a70      0x1e4 src/Leds.o
 .debug_line    0x00003c54      0x39c src/main_LockOpener.o
 .debug_line    0x00003ff0      0x3e1 src/SmsHandlerClass.o
 .debug_line    0x000043d1       0x7a C:/Program Files (x86)/Atmel/Studio/7.0/Packs/Atmel/ATmega_DFP/1.4.331/gcc/dev/atmega328p/avr5\libatmega328p.a(eerd_byte.o)
 .debug_line    0x0000444b       0x9e C:/Program Files (x86)/Atmel/Studio/7.0/Packs/Atmel/ATmega_DFP/1.4.331/gcc/dev/atmega328p/avr5\libatmega328p.a(eewr_byte.o)

.debug_frame    0x00000000     0x1178
 *(.debug_frame)
 .debug_frame   0x00000000      0x104 Arduino/hardware/avr/cores/arduino/HardwareSerial.o
 .debug_frame   0x00000104       0xec Arduino/hardware/avr/cores/arduino/HardwareSerial0.o
 .debug_frame   0x000001f0      0x108 Arduino/hardware/avr/cores/arduino/IPAddress.o
 .debug_frame   0x000002f8       0x54 Arduino/hardware/avr/cores/arduino/main.o
 .debug_frame   0x0000034c       0x54 Arduino/hardware/avr/cores/arduino/new.o
 .debug_frame   0x000003a0      0x3a0 Arduino/hardware/avr/cores/arduino/Print.o
 .debug_frame   0x00000740       0xfc Arduino/hardware/avr/cores/arduino/Tone.o
 .debug_frame   0x0000083c       0xf4 Arduino/hardware/avr/cores/arduino/WInterrupts.o
 .debug_frame   0x00000930       0xc4 Arduino/hardware/avr/cores/arduino/wiring.o
 .debug_frame   0x000009f4       0x7c Arduino/hardware/avr/cores/arduino/wiring_digital.o
 .debug_frame   0x00000a70      0x1dc Arduino/hardware/avr/libraries/SoftwareSerial/src/SoftwareSerial.o
 .debug_frame   0x00000c4c       0xe4 src/AuthorizationHandlerClass.o
 .debug_frame   0x00000d30       0x48 src/ContactClass.o
 .debug_frame   0x00000d78       0x8c src/ContactDirectoryClass.o
 .debug_frame   0x00000e04      0x138 src/EepromClass.o
 .debug_frame   0x00000f3c       0xf4 src/GsmCommunicationClass.o
 .debug_frame   0x00001030       0x60 src/Leds.o
 .debug_frame   0x00001090       0x38 src/main_LockOpener.o
 .debug_frame   0x000010c8       0xb0 src/SmsHandlerClass.o

.debug_str      0x00000000     0x39de
 *(.debug_str)
 .debug_str     0x00000000      0x208 C:/Program Files (x86)/Atmel/Studio/7.0/Packs/Atmel/ATmega_DFP/1.4.331/gcc/dev/atmega328p/avr5/crtatmega328p.o
 .debug_str     0x00000208     0x1376 Arduino/hardware/avr/cores/arduino/HardwareSerial.o
                               0x141c (size before relaxing)
 .debug_str     0x0000157e       0xe4 Arduino/hardware/avr/cores/arduino/HardwareSerial0.o
                               0x1229 (size before relaxing)
 .debug_str     0x00001662      0x368 Arduino/hardware/avr/cores/arduino/IPAddress.o
                                0xfea (size before relaxing)
 .debug_str     0x000019ca       0x74 Arduino/hardware/avr/cores/arduino/main.o
                                0x28d (size before relaxing)
 .debug_str     0x00001a3e       0x99 Arduino/hardware/avr/cores/arduino/new.o
                                0x1d3 (size before relaxing)
 .debug_str     0x00001ad7      0x3a1 Arduino/hardware/avr/cores/arduino/Print.o
                               0x104f (size before relaxing)
 .debug_str     0x00001e78      0x1ca Arduino/hardware/avr/cores/arduino/Tone.o
                                0x3fc (size before relaxing)
 .debug_str     0x00002042      0x152 Arduino/hardware/avr/cores/arduino/WInterrupts.o
                                0x21a (size before relaxing)
 .debug_str     0x00002194       0x99 Arduino/hardware/avr/cores/arduino/wiring.o
                                0x22d (size before relaxing)
 .debug_str     0x0000222d       0x8a Arduino/hardware/avr/cores/arduino/wiring_digital.o
                                0x292 (size before relaxing)
 .debug_str     0x000022b7      0x5db Arduino/hardware/avr/libraries/SoftwareSerial/src/SoftwareSerial.o
                               0x172b (size before relaxing)
 .debug_str     0x00002892      0x61f src/AuthorizationHandlerClass.o
                                0x93f (size before relaxing)
 .debug_str     0x00002eb1       0x66 src/ContactClass.o
                                0x2d5 (size before relaxing)
 .debug_str     0x00002f17      0x1e9 src/ContactDirectoryClass.o
                                0x5ff (size before relaxing)
 .debug_str     0x00003100      0x399 src/EepromClass.o
                                0x9a2 (size before relaxing)
 .debug_str     0x00003499       0x82 src/GsmCommunicationClass.o
                                0x632 (size before relaxing)
 .debug_str     0x0000351b      0x12e src/Leds.o
                                0x347 (size before relaxing)
 .debug_str     0x00003649      0x2d8 src/main_LockOpener.o
                                0xdda (size before relaxing)
 .debug_str     0x00003921       0xbd src/SmsHandlerClass.o
                                0xa32 (size before relaxing)

.debug_loc      0x00000000     0x61ef
 *(.debug_loc)
 .debug_loc     0x00000000      0x4e0 Arduino/hardware/avr/cores/arduino/HardwareSerial.o
 .debug_loc     0x000004e0      0x1ca Arduino/hardware/avr/cores/arduino/HardwareSerial0.o
 .debug_loc     0x000006aa      0x4a5 Arduino/hardware/avr/cores/arduino/IPAddress.o
 .debug_loc     0x00000b4f       0x98 Arduino/hardware/avr/cores/arduino/new.o
 .debug_loc     0x00000be7     0x1bd5 Arduino/hardware/avr/cores/arduino/Print.o
 .debug_loc     0x000027bc      0xacf Arduino/hardware/avr/cores/arduino/Tone.o
 .debug_loc     0x0000328b      0x235 Arduino/hardware/avr/cores/arduino/WInterrupts.o
 .debug_loc     0x000034c0      0x24a Arduino/hardware/avr/cores/arduino/wiring.o
 .debug_loc     0x0000370a      0x5c4 Arduino/hardware/avr/cores/arduino/wiring_digital.o
 .debug_loc     0x00003cce      0xd72 Arduino/hardware/avr/libraries/SoftwareSerial/src/SoftwareSerial.o
 .debug_loc     0x00004a40      0x401 src/AuthorizationHandlerClass.o
 .debug_loc     0x00004e41       0xdb src/ContactClass.o
 .debug_loc     0x00004f1c      0x1fc src/ContactDirectoryClass.o
 .debug_loc     0x00005118      0x6bd src/EepromClass.o
 .debug_loc     0x000057d5      0x4b9 src/GsmCommunicationClass.o
 .debug_loc     0x00005c8e      0x12b src/Leds.o
 .debug_loc     0x00005db9       0xc0 src/main_LockOpener.o
 .debug_loc     0x00005e79      0x376 src/SmsHandlerClass.o

.debug_macinfo
 *(.debug_macinfo)

.debug_weaknames
 *(.debug_weaknames)

.debug_funcnames
 *(.debug_funcnames)

.debug_typenames
 *(.debug_typenames)

.debug_varnames
 *(.debug_varnames)

.debug_pubtypes
 *(.debug_pubtypes)

.debug_ranges   0x00000000      0x610
 *(.debug_ranges)
 .debug_ranges  0x00000000       0x58 Arduino/hardware/avr/cores/arduino/HardwareSerial.o
 .debug_ranges  0x00000058       0x38 Arduino/hardware/avr/cores/arduino/HardwareSerial0.o
 .debug_ranges  0x00000090       0x78 Arduino/hardware/avr/cores/arduino/IPAddress.o
 .debug_ranges  0x00000108       0x28 Arduino/hardware/avr/cores/arduino/main.o
 .debug_ranges  0x00000130       0x28 Arduino/hardware/avr/cores/arduino/new.o
 .debug_ranges  0x00000158      0x118 Arduino/hardware/avr/cores/arduino/Print.o
 .debug_ranges  0x00000270       0x70 Arduino/hardware/avr/cores/arduino/Tone.o
 .debug_ranges  0x000002e0       0x30 Arduino/hardware/avr/cores/arduino/WInterrupts.o
 .debug_ranges  0x00000310       0x38 Arduino/hardware/avr/cores/arduino/wiring.o
 .debug_ranges  0x00000348       0x28 Arduino/hardware/avr/cores/arduino/wiring_digital.o
 .debug_ranges  0x00000370       0xf8 Arduino/hardware/avr/libraries/SoftwareSerial/src/SoftwareSerial.o
 .debug_ranges  0x00000468       0x60 src/AuthorizationHandlerClass.o
 .debug_ranges  0x000004c8       0x18 src/ContactClass.o
 .debug_ranges  0x000004e0       0x28 src/ContactDirectoryClass.o
 .debug_ranges  0x00000508       0x58 src/EepromClass.o
 .debug_ranges  0x00000560       0x48 src/GsmCommunicationClass.o
 .debug_ranges  0x000005a8       0x28 src/Leds.o
 .debug_ranges  0x000005d0       0x10 src/main_LockOpener.o
 .debug_ranges  0x000005e0       0x30 src/SmsHandlerClass.o

.debug_macro
 *(.debug_macro)
OUTPUT(ArduinoLockOpener.elf elf32-avr)
LOAD linker stubs
