Archive member included to satisfy reference by file (symbol)

c:/program files (x86)/atmel/studio/7.0/toolchain/avr8/avr8-gnu-toolchain/bin/../lib/gcc/avr/5.4.0/../../../../avr/lib/avr5\libm.a(addsf3.o)
                              Arduino/hardware/avr/cores/arduino/Print.o (__subsf3)
c:/program files (x86)/atmel/studio/7.0/toolchain/avr8/avr8-gnu-toolchain/bin/../lib/gcc/avr/5.4.0/../../../../avr/lib/avr5\libm.a(addsf3x.o)
                              c:/program files (x86)/atmel/studio/7.0/toolchain/avr8/avr8-gnu-toolchain/bin/../lib/gcc/avr/5.4.0/../../../../avr/lib/avr5\libm.a(addsf3.o) (__addsf3x)
c:/program files (x86)/atmel/studio/7.0/toolchain/avr8/avr8-gnu-toolchain/bin/../lib/gcc/avr/5.4.0/../../../../avr/lib/avr5\libm.a(cmpsf2.o)
                              Arduino/hardware/avr/cores/arduino/Print.o (__ltsf2)
c:/program files (x86)/atmel/studio/7.0/toolchain/avr8/avr8-gnu-toolchain/bin/../lib/gcc/avr/5.4.0/../../../../avr/lib/avr5\libm.a(divsf3.o)
                              Arduino/hardware/avr/cores/arduino/Print.o (__divsf3)
c:/program files (x86)/atmel/studio/7.0/toolchain/avr8/avr8-gnu-toolchain/bin/../lib/gcc/avr/5.4.0/../../../../avr/lib/avr5\libm.a(divsf3x.o)
                              c:/program files (x86)/atmel/studio/7.0/toolchain/avr8/avr8-gnu-toolchain/bin/../lib/gcc/avr/5.4.0/../../../../avr/lib/avr5\libm.a(divsf3.o) (__divsf3x)
c:/program files (x86)/atmel/studio/7.0/toolchain/avr8/avr8-gnu-toolchain/bin/../lib/gcc/avr/5.4.0/../../../../avr/lib/avr5\libm.a(fixunssfsi.o)
                              Arduino/hardware/avr/cores/arduino/Print.o (__fixunssfsi)
c:/program files (x86)/atmel/studio/7.0/toolchain/avr8/avr8-gnu-toolchain/bin/../lib/gcc/avr/5.4.0/../../../../avr/lib/avr5\libm.a(floatsisf.o)
                              Arduino/hardware/avr/cores/arduino/Print.o (__floatunsisf)
c:/program files (x86)/atmel/studio/7.0/toolchain/avr8/avr8-gnu-toolchain/bin/../lib/gcc/avr/5.4.0/../../../../avr/lib/avr5\libm.a(fp_cmp.o)
                              c:/program files (x86)/atmel/studio/7.0/toolchain/avr8/avr8-gnu-toolchain/bin/../lib/gcc/avr/5.4.0/../../../../avr/lib/avr5\libm.a(cmpsf2.o) (__fp_cmp)
c:/program files (x86)/atmel/studio/7.0/toolchain/avr8/avr8-gnu-toolchain/bin/../lib/gcc/avr/5.4.0/../../../../avr/lib/avr5\libm.a(fp_inf.o)
                              c:/program files (x86)/atmel/studio/7.0/toolchain/avr8/avr8-gnu-toolchain/bin/../lib/gcc/avr/5.4.0/../../../../avr/lib/avr5\libm.a(addsf3x.o) (__fp_inf)
c:/program files (x86)/atmel/studio/7.0/toolchain/avr8/avr8-gnu-toolchain/bin/../lib/gcc/avr/5.4.0/../../../../avr/lib/avr5\libm.a(fp_nan.o)
                              c:/program files (x86)/atmel/studio/7.0/toolchain/avr8/avr8-gnu-toolchain/bin/../lib/gcc/avr/5.4.0/../../../../avr/lib/avr5\libm.a(addsf3x.o) (__fp_nan)
c:/program files (x86)/atmel/studio/7.0/toolchain/avr8/avr8-gnu-toolchain/bin/../lib/gcc/avr/5.4.0/../../../../avr/lib/avr5\libm.a(fp_pscA.o)
                              c:/program files (x86)/atmel/studio/7.0/toolchain/avr8/avr8-gnu-toolchain/bin/../lib/gcc/avr/5.4.0/../../../../avr/lib/avr5\libm.a(addsf3x.o) (__fp_pscA)
c:/program files (x86)/atmel/studio/7.0/toolchain/avr8/avr8-gnu-toolchain/bin/../lib/gcc/avr/5.4.0/../../../../avr/lib/avr5\libm.a(fp_pscB.o)
                              c:/program files (x86)/atmel/studio/7.0/toolchain/avr8/avr8-gnu-toolchain/bin/../lib/gcc/avr/5.4.0/../../../../avr/lib/avr5\libm.a(addsf3x.o) (__fp_pscB)
c:/program files (x86)/atmel/studio/7.0/toolchain/avr8/avr8-gnu-toolchain/bin/../lib/gcc/avr/5.4.0/../../../../avr/lib/avr5\libm.a(fp_round.o)
                              c:/program files (x86)/atmel/studio/7.0/toolchain/avr8/avr8-gnu-toolchain/bin/../lib/gcc/avr/5.4.0/../../../../avr/lib/avr5\libm.a(addsf3.o) (__fp_round)
c:/program files (x86)/atmel/studio/7.0/toolchain/avr8/avr8-gnu-toolchain/bin/../lib/gcc/avr/5.4.0/../../../../avr/lib/avr5\libm.a(fp_split3.o)
                              c:/program files (x86)/atmel/studio/7.0/toolchain/avr8/avr8-gnu-toolchain/bin/../lib/gcc/avr/5.4.0/../../../../avr/lib/avr5\libm.a(addsf3x.o) (__fp_split3)
c:/program files (x86)/atmel/studio/7.0/toolchain/avr8/avr8-gnu-toolchain/bin/../lib/gcc/avr/5.4.0/../../../../avr/lib/avr5\libm.a(fp_zero.o)
                              c:/program files (x86)/atmel/studio/7.0/toolchain/avr8/avr8-gnu-toolchain/bin/../lib/gcc/avr/5.4.0/../../../../avr/lib/avr5\libm.a(addsf3x.o) (__fp_zero)
c:/program files (x86)/atmel/studio/7.0/toolchain/avr8/avr8-gnu-toolchain/bin/../lib/gcc/avr/5.4.0/../../../../avr/lib/avr5\libm.a(gesf2.o)
                              Arduino/hardware/avr/cores/arduino/Print.o (__gtsf2)
c:/program files (x86)/atmel/studio/7.0/toolchain/avr8/avr8-gnu-toolchain/bin/../lib/gcc/avr/5.4.0/../../../../avr/lib/avr5\libm.a(mulsf3.o)
                              Arduino/hardware/avr/cores/arduino/Print.o (__mulsf3)
[...]
Memory Configuration

Name             Origin             Length             Attributes
text             0x00000000         0x00008000         xr
data             0x00800100         0x00000800         rw !x
eeprom           0x00810000         0x00000400         rw !x
fuse             0x00820000         0x00000003         rw !x
lock             0x00830000         0x00000400         rw !x
signature        0x00840000         0x00000400         rw !x
user_signatures  0x00850000         0x00000400         rw !x
*default*        0x00000000         0xffffffff

Linker script and memory map

Address of section .data set to 0x800100
LOAD C:/Program Files (x86)/Atmel/Studio/7.0/Packs/Atmel/ATmega_DFP/1.4.331/gcc/dev/atmega328p/avr5/crtatmega328p.o
LOAD Arduino/hardware/avr/cores/arduino/abi.o
LOAD Arduino/hardware/avr/cores/arduino/CDC.o
LOAD Arduino/hardware/avr/cores/arduino/HardwareSerial.o
LOAD Arduino/hardware/avr/cores/arduino/HardwareSerial0.o
LOAD Arduino/hardware/avr/cores/arduino/HardwareSerial1.o
LOAD Arduino/hardware/avr/cores/arduino/HardwareSerial2.o
LOAD Arduino/hardware/avr/cores/arduino/HardwareSerial3.o
LOAD Arduino/hardware/avr/cores/arduino/hooks.o
LOAD Arduino/hardware/avr/cores/arduino/IPAddress.o
LOAD Arduino/hardware/avr/cores/arduino/main.o
LOAD Arduino/hardware/avr/cores/arduino/new.o
LOAD Arduino/hardware/avr/cores/arduino/PluggableUSB.o
LOAD Arduino/hardware/avr/cores/arduino/Print.o
LOAD Arduino/hardware/avr/cores/arduino/Stream.o
LOAD Arduino/hardware/avr/cores/arduino/Tone.o
LOAD Arduino/hardware/avr/cores/arduino/USBCore.o
LOAD Arduino/hardware/avr/cores/arduino/WInterrupts.o
LOAD Arduino/hardware/avr/cores/arduino/wiring.o
LOAD Arduino/hardware/avr/cores/arduino/wiring_analog.o
LOAD Arduino/hardware/avr/cores/arduino/wiring_digital.o
LOAD Arduino/hardware/avr/cores/arduino/wiring_pulse.o
LOAD Arduino/hardware/avr/cores/arduino/wiring_shift.o
LOAD Arduino/hardware/avr/cores/arduino/WMath.o
LOAD Arduino/hardware/avr/cores/arduino/WString.o
LOAD Arduino/hardware/avr/libraries/SoftwareSerial/src/SoftwareSerial.o
LOAD src/AuthorizationHandlerClass.o
LOAD src/CmdContactClass.o
LOAD src/EepromClass.o
LOAD src/GsmCommunicationClass.o
LOAD src/Leds.o
LOAD src/main_LockOpener.o
LOAD src/SmsHandlerClass.o
LOAD src/TimerManager.o
START GROUP
LOAD c:/program files (x86)/atmel/studio/7.0/toolchain/avr8/avr8-gnu-toolchain/bin/../lib/gcc/avr/5.4.0/../../../../avr/lib/avr5\libm.a
END GROUP
LOAD c:/program files (x86)/atmel/studio/7.0/toolchain/avr8/avr8-gnu-toolchain/bin/../lib/gcc/avr/5.4.0/avr5\libgcc.a
LOAD c:/program files (x86)/atmel/studio/7.0/toolchain/avr8/avr8-gnu-toolchain/bin/../lib/gcc/avr/5.4.0/../../../../avr/lib/avr5\libm.a
START GROUP
LOAD c:/program files (x86)/atmel/studio/7.0/toolchain/avr8/avr8-gnu-toolchain/bin/../lib/gcc/avr/5.4.0/avr5\libgcc.a
LOAD c:/program files (x86)/atmel/studio/7.0/toolchain/avr8/avr8-gnu-toolchain/bin/../lib/gcc/avr/5.4.0/../../../../avr/lib/avr5\libm.a
LOAD c:/program files (x86)/atmel/studio/7.0/toolchain/avr8/avr8-gnu-toolchain/bin/../lib/gcc/avr/5.4.0/../../../../avr/lib/avr5\libc.a
LOAD C:/Program Files (x86)/Atmel/Studio/7.0/Packs/Atmel/ATmega_DFP/1.4.331/gcc/dev/atmega328p/avr5\libatmega328p.a
END GROUP
                0x00000000                __TEXT_REGION_ORIGIN__ = DEFINED (__TEXT_REGION_ORIGIN__)?__TEXT_REGION_ORIGIN__:0x0
                [0x00800100]                __DATA_REGION_ORIGIN__ = DEFINED (__DATA_REGION_ORIGIN__)?__DATA_REGION_ORIGIN__:0x800060
                [0x00008000]                __TEXT_REGION_LENGTH__ = DEFINED (__TEXT_REGION_LENGTH__)?__TEXT_REGION_LENGTH__:0x20000
                [0x00000800]                __DATA_REGION_LENGTH__ = DEFINED (__DATA_REGION_LENGTH__)?__DATA_REGION_LENGTH__:0xffa0
                [0x00000400]                __EEPROM_REGION_LENGTH__ = DEFINED (__EEPROM_REGION_LENGTH__)?__EEPROM_REGION_LENGTH__:0x10000
                [0x00000003]                __FUSE_REGION_LENGTH__ = DEFINED (__FUSE_REGION_LENGTH__)?__FUSE_REGION_LENGTH__:0x400
                0x00000400                __LOCK_REGION_LENGTH__ = DEFINED (__LOCK_REGION_LENGTH__)?__LOCK_REGION_LENGTH__:0x400
                0x00000400                __SIGNATURE_REGION_LENGTH__ = DEFINED (__SIGNATURE_REGION_LENGTH__)?__SIGNATURE_REGION_LENGTH__:0x400
                0x00000400                __USER_SIGNATURE_REGION_LENGTH__ = DEFINED (__USER_SIGNATURE_REGION_LENGTH__)?__USER_SIGNATURE_REGION_LENGTH__:0x400

.hash
 *(.hash)

.dynsym
 *(.dynsym)

.dynstr
 *(.dynstr)

.gnu.version
 *(.gnu.version)

.gnu.version_d
 *(.gnu.version_d)

.gnu.version_r
 *(.gnu.version_r)

.rel.init
 *(.rel.init)

.rela.init
 *(.rela.init)

.rel.text
 *(.rel.text)
 *(.rel.text.*)
 *(.rel.gnu.linkonce.t*)

.rela.text
 *(.rela.text)
 *(.rela.text.*)
 *(.rela.gnu.linkonce.t*)

.rel.fini
 *(.rel.fini)

.rela.fini
 *(.rela.fini)

.rel.rodata
 *(.rel.rodata)
 *(.rel.rodata.*)
 *(.rel.gnu.linkonce.r*)

.rela.rodata
 *(.rela.rodata)
 *(.rela.rodata.*)
 *(.rela.gnu.linkonce.r*)

.rel.data
 *(.rel.data)
 *(.rel.data.*)
 *(.rel.gnu.linkonce.d*)

.rela.data
 *(.rela.data)
 *(.rela.data.*)
 *(.rela.gnu.linkonce.d*)

.rel.ctors
 *(.rel.ctors)

.rela.ctors
 *(.rela.ctors)

.rel.dtors
 *(.rel.dtors)

.rela.dtors
 *(.rela.dtors)

.rel.got
 *(.rel.got)

.rela.got
 *(.rela.got)

.rel.bss
 *(.rel.bss)

.rela.bss
 *(.rela.bss)

.rel.plt
 *(.rel.plt)

.rela.plt
 *(.rela.plt)

.text           0x00000000     0x2642
 *(.vectors)
 .vectors       0x00000000       0x68 C:/Program Files (x86)/Atmel/Studio/7.0/Packs/Atmel/ATmega_DFP/1.4.331/gcc/dev/atmega328p/avr5/crtatmega328p.o
                0x00000000                __vector_default
                0x00000000                __vectors
 *(.vectors)
 *(.progmem.gcc*)
                0x00000068                . = ALIGN (0x2)
                0x00000068                __trampolines_start = .
 *(.trampolines)
 .trampolines   0x00000068        0x0 linker stubs
 *(.trampolines*)
                0x00000068                __trampolines_end = .
 *libprintf_flt.a:*(.progmem.data)
 *libc.a:*(.progmem.data)
 *(.progmem*)
 .progmem.data._ZL21tone_pin_to_timer_PGM
                0x00000068        0x1 Arduino/hardware/avr/cores/arduino/Tone.o
 .progmem.data.digital_pin_to_timer_PGM
                0x00000069       0x14 Arduino/hardware/avr/cores/arduino/wiring_digital.o
                0x00000069                digital_pin_to_timer_PGM
 .progmem.data.digital_pin_to_bit_mask_PGM
                0x0000007d       0x14 Arduino/hardware/avr/cores/arduino/wiring_digital.o
                0x0000007d                digital_pin_to_bit_mask_PGM
 .progmem.data.digital_pin_to_port_PGM
                0x00000091       0x14 Arduino/hardware/avr/cores/arduino/wiring_digital.o
                0x00000091                digital_pin_to_port_PGM
 .progmem.data.port_to_input_PGM
                0x000000a5        0xa Arduino/hardware/avr/cores/arduino/wiring_digital.o
                0x000000a5                port_to_input_PGM
 .progmem.data.port_to_output_PGM
                0x000000af        0xa Arduino/hardware/avr/cores/arduino/wiring_digital.o
                0x000000af                port_to_output_PGM
 .progmem.data.port_to_mode_PGM
                0x000000b9        0xa Arduino/hardware/avr/cores/arduino/wiring_digital.o
                0x000000b9                port_to_mode_PGM
                0x000000c4                . = ALIGN (0x2)
 *fill*         0x000000c3        0x1 
 *(.jumptables)
 *(.jumptables*)
 *(.lowtext)
 *(.lowtext*)
                0x000000c4                __ctors_start = .
 *(.ctors)
 .ctors         0x000000c4        0x2 Arduino/hardware/avr/cores/arduino/HardwareSerial0.o
 .ctors         0x000000c6        0x2 Arduino/hardware/avr/cores/arduino/IPAddress.o
                0x000000c8                __ctors_end = .
                0x000000c8                __dtors_start = .
 *(.dtors)
                0x000000c8                __dtors_end = .
 SORT(*)(.ctors)
 SORT(*)(.dtors)
 *(.init0)
 .init0         0x000000c8        0x0 C:/Program Files (x86)/Atmel/Studio/7.0/Packs/Atmel/ATmega_DFP/1.4.331/gcc/dev/atmega328p/avr5/crtatmega328p.o
                0x000000c8                __init
 *(.init0)
 *(.init1)
 *(.init1)
 *(.init2)
 .init2         0x000000c8        0xc C:/Program Files (x86)/Atmel/Studio/7.0/Packs/Atmel/ATmega_DFP/1.4.331/gcc/dev/atmega328p/avr5/crtatmega328p.o
 *(.init2)
 *(.init3)
 *(.init3)
 *(.init4)
 .init4         0x000000d4       0x16 c:/program files (x86)/atmel/studio/7.0/toolchain/avr8/avr8-gnu-toolchain/bin/../lib/gcc/avr/5.4.0/avr5\libgcc.a(_copy_data.o)
                0x000000d4                __do_copy_data
 .init4         0x000000ea       0x10 c:/program files (x86)/atmel/studio/7.0/toolchain/avr8/avr8-gnu-toolchain/bin/../lib/gcc/avr/5.4.0/avr5\libgcc.a(_clear_bss.o)
                0x000000ea                __do_clear_bss
 *(.init4)
 *(.init5)
 *(.init5)
 *(.init6)
 .init6         0x000000fa       0x16 c:/program files (x86)/atmel/studio/7.0/toolchain/avr8/avr8-gnu-toolchain/bin/../lib/gcc/avr/5.4.0/avr5\libgcc.a(_ctors.o)
                0x000000fa                __do_global_ctors
 *(.init6)
 *(.init7)
 *(.init7)
 *(.init8)
 *(.init8)
 *(.init9)
 .init9         0x00000110        0x8 C:/Program Files (x86)/Atmel/Studio/7.0/Packs/Atmel/ATmega_DFP/1.4.331/gcc/dev/atmega328p/avr5/crtatmega328p.o
 *(.init9)
 *(.text)
 .text          0x00000118        0x4 C:/Program Files (x86)/Atmel/Studio/7.0/Packs/Atmel/ATmega_DFP/1.4.331/gcc/dev/atmega328p/avr5/crtatmega328p.o
                0x00000118                __vector_22
                0x00000118                __vector_24
                0x00000118                __vector_12
                0x00000118                __bad_interrupt
                0x00000118                __vector_6
                0x00000118                __vector_23
                0x00000118                __vector_25
                0x00000118                __vector_11
                0x00000118                __vector_13
                0x00000118                __vector_17
                0x00000118                __vector_9
                0x00000118                __vector_21
                0x00000118                __vector_15
                0x00000118                __vector_8
                0x00000118                __vector_14
                0x00000118                __vector_10
                0x00000118                __vector_20
                0x0000011c                . = ALIGN (0x2)
 *(.text.*)
 .text._ZN14HardwareSerial9availableEv
                0x0000011c       0x18 Arduino/hardware/avr/cores/arduino/HardwareSerial.o
                0x0000011c                _ZN14HardwareSerial9availableEv
 .text._ZN14HardwareSerial4peekEv
                0x00000134       0x1c Arduino/hardware/avr/cores/arduino/HardwareSerial.o
                0x00000134                _ZN14HardwareSerial4peekEv
 .text._ZN14HardwareSerial4readEv
                0x00000150       0x28 Arduino/hardware/avr/cores/arduino/HardwareSerial.o
                0x00000150                _ZN14HardwareSerial4readEv
 .text._ZN14HardwareSerial17availableForWriteEv
                0x00000178       0x24 Arduino/hardware/avr/cores/arduino/HardwareSerial.o
                0x00000178                _ZN14HardwareSerial17availableForWriteEv
 .text._Z14serialEventRunv
                0x0000019c       0x1c Arduino/hardware/avr/cores/arduino/HardwareSerial.o
                0x0000019c                _Z14serialEventRunv
 .text._ZN14HardwareSerial17_tx_udr_empty_irqEv
                0x000001b8       0x56 Arduino/hardware/avr/cores/arduino/HardwareSerial.o
                0x000001b8                _ZN14HardwareSerial17_tx_udr_empty_irqEv
 .text._ZN14HardwareSerial5flushEv
                0x0000020e       0x48 Arduino/hardware/avr/cores/arduino/HardwareSerial.o
                0x0000020e                _ZN14HardwareSerial5flushEv
 .text._ZN14HardwareSerial5writeEh
                0x00000256       0xaa Arduino/hardware/avr/cores/arduino/HardwareSerial.o
                0x00000256                _ZN14HardwareSerial5writeEh
 .text._ZN14HardwareSerial5beginEmh
                0x00000300       0xca Arduino/hardware/avr/cores/arduino/HardwareSerial.o
                0x00000300                _ZN14HardwareSerial5beginEmh
 .text._ZN5Print17availableForWriteEv
                0x000003ca        0x6 Arduino/hardware/avr/cores/arduino/HardwareSerial0.o
                0x000003ca                _ZN5Print17availableForWriteEv
 .text.__vector_18
                0x000003d0       0x70 Arduino/hardware/avr/cores/arduino/HardwareSerial0.o
                0x000003d0                __vector_18
 .text.__vector_19
                0x00000440       0x4c Arduino/hardware/avr/cores/arduino/HardwareSerial0.o
                0x00000440                __vector_19
 .text._Z17Serial0_availablev
                0x0000048c       0x14 Arduino/hardware/avr/cores/arduino/HardwareSerial0.o
                0x0000048c                _Z17Serial0_availablev
 .text._GLOBAL__sub_I___vector_18
                0x000004a0       0x5a Arduino/hardware/avr/cores/arduino/HardwareSerial0.o
 .text.__empty  0x000004fa        0x2 Arduino/hardware/avr/cores/arduino/hooks.o
                0x000004fa                yield
 .text._ZNK9IPAddress7printToER5Print
                0x000004fc       0x84 Arduino/hardware/avr/cores/arduino/IPAddress.o
                0x000004fc                _ZNK9IPAddress7printToER5Print
 .text._GLOBAL__sub_I__ZN9IPAddressC2Ev
                0x00000580       0x16 Arduino/hardware/avr/cores/arduino/IPAddress.o
 .text.initVariant
                0x00000596        0x2 Arduino/hardware/avr/cores/arduino/main.o
                0x00000596                initVariant
 .text.main     0x00000598       0x1a Arduino/hardware/avr/cores/arduino/main.o
                0x00000598                main
 .text._ZN5Print5writeEPKhj
                0x000005b2       0x5e Arduino/hardware/avr/cores/arduino/Print.o
                0x000005b2                _ZN5Print5writeEPKhj
 .text._ZN5Print5printEPKc
                0x00000610       0x2c Arduino/hardware/avr/cores/arduino/Print.o
                0x00000610                _ZN5Print5printEPKc
 .text._ZN5Print5printEc
                0x0000063c       0x10 Arduino/hardware/avr/cores/arduino/Print.o
                0x0000063c                _ZN5Print5printEc
 .text._ZN5Print7printlnEv
                0x0000064c       0x18 Arduino/hardware/avr/cores/arduino/Print.o
                0x0000064c                _ZN5Print7printlnEv
 .text._ZN5Print7printlnEPKc
                0x00000664       0x24 Arduino/hardware/avr/cores/arduino/Print.o
                0x00000664                _ZN5Print7printlnEPKc
 .text._ZN5Print11printNumberEmh
                0x00000688       0xbe Arduino/hardware/avr/cores/arduino/Print.o
                0x00000688                _ZN5Print11printNumberEmh
 .text._ZN5Print5printEmi
                0x00000746       0x1e Arduino/hardware/avr/cores/arduino/Print.o
                0x00000746                _ZN5Print5printEmi
 .text._ZN5Print5printEhi
                0x00000764       0x10 Arduino/hardware/avr/cores/arduino/Print.o
                0x00000764                _ZN5Print5printEhi
 .text._Z12disableTimerh
                0x00000774       0x40 Arduino/hardware/avr/cores/arduino/Tone.o
                0x00000774                _Z12disableTimerh
 .text._Z6noToneh
                0x000007b4       0x2c Arduino/hardware/avr/cores/arduino/Tone.o
                0x000007b4                _Z6noToneh
 .text.__vector_7
                0x000007e0       0xb8 Arduino/hardware/avr/cores/arduino/Tone.o
                0x000007e0                __vector_7
 .text.nothing  0x00000898        0x2 Arduino/hardware/avr/cores/arduino/WInterrupts.o
 .text.__vector_1
                0x0000089a       0x4e Arduino/hardware/avr/cores/arduino/WInterrupts.o
                0x0000089a                __vector_1
 .text.__vector_2
                0x000008e8       0x4e Arduino/hardware/avr/cores/arduino/WInterrupts.o
                0x000008e8                __vector_2
 .text.__vector_16
                0x00000936       0x94 Arduino/hardware/avr/cores/arduino/wiring.o
                0x00000936                __vector_16
 .text.micros   0x000009ca       0x4c Arduino/hardware/avr/cores/arduino/wiring.o
                0x000009ca                micros
 .text.delay    0x00000a16       0x8c Arduino/hardware/avr/cores/arduino/wiring.o
                0x00000a16                delay
 .text.init     0x00000aa2       0x76 Arduino/hardware/avr/cores/arduino/wiring.o
                0x00000aa2                init
 .text.turnOffPWM
                0x00000b18       0x5e Arduino/hardware/avr/cores/arduino/wiring_digital.o
 .text.pinMode  0x00000b76       0x7e Arduino/hardware/avr/cores/arduino/wiring_digital.o
                0x00000b76                pinMode
 .text.digitalWrite
                0x00000bf4       0x62 Arduino/hardware/avr/cores/arduino/wiring_digital.o
                0x00000bf4                digitalWrite
 .text._ZN14SoftwareSerial4readEv
                0x00000c56       0x40 Arduino/hardware/avr/libraries/SoftwareSerial/src/SoftwareSerial.o
                0x00000c56                _ZN14SoftwareSerial4readEv
 .text._ZN14SoftwareSerial9availableEv
                0x00000c96       0x3a Arduino/hardware/avr/libraries/SoftwareSerial/src/SoftwareSerial.o
                0x00000c96                _ZN14SoftwareSerial9availableEv
 .text._ZN14SoftwareSerial5writeEh
                0x00000cd0       0x96 Arduino/hardware/avr/libraries/SoftwareSerial/src/SoftwareSerial.o
                0x00000cd0                _ZN14SoftwareSerial5writeEh
 .text._ZN14SoftwareSerial5flushEv
                0x00000d66        0x2 Arduino/hardware/avr/libraries/SoftwareSerial/src/SoftwareSerial.o
                0x00000d66                _ZN14SoftwareSerial5flushEv
 .text._ZN14SoftwareSerial4peekEv
                0x00000d68       0x36 Arduino/hardware/avr/libraries/SoftwareSerial/src/SoftwareSerial.o
                0x00000d68                _ZN14SoftwareSerial4peekEv
 .text._ZN14SoftwareSerial13stopListeningEv
                0x00000d9e       0x2c Arduino/hardware/avr/libraries/SoftwareSerial/src/SoftwareSerial.o
                0x00000d9e                _ZN14SoftwareSerial13stopListeningEv
 .text._ZN14SoftwareSerial6listenEv
                0x00000dca       0x56 Arduino/hardware/avr/libraries/SoftwareSerial/src/SoftwareSerial.o
                0x00000dca                _ZN14SoftwareSerial6listenEv
 .text.__vector_3
                0x00000e20      0x14a Arduino/hardware/avr/libraries/SoftwareSerial/src/SoftwareSerial.o
                0x00000e20                __vector_5
                0x00000e20                __vector_4
                0x00000e20                __vector_3
 .text._ZN14SoftwareSerial5setTXEh
                0x00000f6a       0x52 Arduino/hardware/avr/libraries/SoftwareSerial/src/SoftwareSerial.o
                0x00000f6a                _ZN14SoftwareSerial5setTXEh
 .text._ZN14SoftwareSerial5setRXEh
                0x00000fbc       0x52 Arduino/hardware/avr/libraries/SoftwareSerial/src/SoftwareSerial.o
                0x00000fbc                _ZN14SoftwareSerial5setRXEh
 .text._ZN14SoftwareSerialC2Ehhb
                0x0000100e       0x58 Arduino/hardware/avr/libraries/SoftwareSerial/src/SoftwareSerial.o
                0x0000100e                _ZN14SoftwareSerialC1Ehhb
                0x0000100e                _ZN14SoftwareSerialC2Ehhb
 .text._ZN14SoftwareSerial5beginEl
                0x00001066      0x124 Arduino/hardware/avr/libraries/SoftwareSerial/src/SoftwareSerial.o
                0x00001066                _ZN14SoftwareSerial5beginEl
 .text._ZN25AuthorizationHandlerClassC2EP21GsmCommunicationClassP11EepromClass
                0x0000118a        0xc src/AuthorizationHandlerClass.o
                0x0000118a                _ZN25AuthorizationHandlerClassC1EP21GsmCommunicationClassP11EepromClass
                0x0000118a                _ZN25AuthorizationHandlerClassC2EP21GsmCommunicationClassP11EepromClass
 .text._ZN25AuthorizationHandlerClass18checkAuthorizationEPc
                0x00001196       0xf8 src/AuthorizationHandlerClass.o
                0x00001196                _ZN25AuthorizationHandlerClass18checkAuthorizationEPc
 .text._ZN25AuthorizationHandlerClass10answerCallEv
                0x0000128e       0x7e src/AuthorizationHandlerClass.o
                0x0000128e                _ZN25AuthorizationHandlerClass10answerCallEv
 .text._ZN25AuthorizationHandlerClass18handleReceivedCallEP15LockOpenerClass
                0x0000130c       0xca src/AuthorizationHandlerClass.o
                0x0000130c                _ZN25AuthorizationHandlerClass18handleReceivedCallEP15LockOpenerClass
 .text._ZN15CmdContactClassC2EP11EepromClassP21GsmCommunicationClassP25AuthorizationHandlerClass
                0x000013d6       0x26 src/CmdContactClass.o
                0x000013d6                _ZN15CmdContactClassC1EP11EepromClassP21GsmCommunicationClassP25AuthorizationHandlerClass
                0x000013d6                _ZN15CmdContactClassC2EP11EepromClassP21GsmCommunicationClassP25AuthorizationHandlerClass
 .text._ZN15CmdContactClass12removePrefixEPcS0_
                0x000013fc       0x36 src/CmdContactClass.o
                0x000013fc                _ZN15CmdContactClass12removePrefixEPcS0_
 .text._ZN15CmdContactClass13executeSmsCmdEv
                0x00001432      0x18a src/CmdContactClass.o
                0x00001432                _ZN15CmdContactClass13executeSmsCmdEv
 .text._ZN11EepromClassC2Ev
                0x000015bc        0x2 src/EepromClass.o
                0x000015bc                _ZN11EepromClassC2Ev
                0x000015bc                _ZN11EepromClassC1Ev
 .text._ZN11EepromClass16getEepromAddressEv
                0x000015be       0x2c src/EepromClass.o
                0x000015be                _ZN11EepromClass16getEepromAddressEv
 .text._ZN11EepromClass18addContactToEepromEPcS0_
                0x000015ea      0x126 src/EepromClass.o
                0x000015ea                _ZN11EepromClass18addContactToEepromEPcS0_
 .text._ZN11EepromClass11clearEepromEv
                0x00001710       0x3c src/EepromClass.o
                0x00001710                _ZN11EepromClass11clearEepromEv
 .text._ZN11EepromClass13displayEepromEv
                0x0000174c       0x76 src/EepromClass.o
                0x0000174c                _ZN11EepromClass13displayEepromEv
 .text._ZN21GsmCommunicationClass10readSerialEv
                0x000017c2       0xd4 src/GsmCommunicationClass.o
                0x000017c2                _ZN21GsmCommunicationClass10readSerialEv
 .text._ZN21GsmCommunicationClassC2EP14SoftwareSerial
                0x00001896       0x92 src/GsmCommunicationClass.o
                0x00001896                _ZN21GsmCommunicationClassC1EP14SoftwareSerial
                0x00001896                _ZN21GsmCommunicationClassC2EP14SoftwareSerial
 .text._ZN21GsmCommunicationClass12setUpSmsModeEv
                0x00001928       0xc4 src/GsmCommunicationClass.o
                0x00001928                _ZN21GsmCommunicationClass12setUpSmsModeEv
 .text._ZN21GsmCommunicationClass15checkConnectionEv
                0x000019ec       0xcc src/GsmCommunicationClass.o
                0x000019ec                _ZN21GsmCommunicationClass15checkConnectionEv
 .text._ZN21GsmCommunicationClass9sendAtCmdEPc
                0x00001ab8       0x10 src/GsmCommunicationClass.o
                0x00001ab8                _ZN21GsmCommunicationClass9sendAtCmdEPc
 .text._ZN13GpioPortClassC2EPh
                0x00001ac8       0x20 src/Leds.o
                0x00001ac8                _ZN13GpioPortClassC1EPh
                0x00001ac8                _ZN13GpioPortClassC2EPh
 .text._ZN13GpioPortClass6SetLedEiNS_8LedStateE
                0x00001ae8       0x6e src/Leds.o
                0x00001ae8                _ZN13GpioPortClass6SetLedEiNS_8LedStateE
 .text._ZN13GpioPortClass9ToggleLedEi
                0x00001b56       0x56 src/Leds.o
                0x00001b56                _ZN13GpioPortClass9ToggleLedEi
 .text._ZN15LockOpenerClass3OffEv
                0x00001bac       0x12 src/main_LockOpener.o
                0x00001bac                _ZN15LockOpenerClass3OffEv
 .text._ZN15LockOpenerClass2OnEv
                0x00001bbe       0x12 src/main_LockOpener.o
                0x00001bbe                _ZN15LockOpenerClass2OnEv
 .text._ZN15LockOpenerClass6ToggleEv
                0x00001bd0       0x10 src/main_LockOpener.o
                0x00001bd0                _ZN15LockOpenerClass6ToggleEv
 .text.main_ArduinoLockOpener
                0x00001be0      0x13c src/main_LockOpener.o
                0x00001be0                main_ArduinoLockOpener
 .text._ZN15SmsHandlerClassC2EP21GsmCommunicationClassP25AuthorizationHandlerClass
                0x00001d1c       0x2e src/SmsHandlerClass.o
                0x00001d1c                _ZN15SmsHandlerClassC1EP21GsmCommunicationClassP25AuthorizationHandlerClass
                0x00001d1c                _ZN15SmsHandlerClassC2EP21GsmCommunicationClassP25AuthorizationHandlerClass
 .text._ZN15SmsHandlerClass7readSmsEPcS0_
                0x00001d4a       0xba src/SmsHandlerClass.o
                0x00001d4a                _ZN15SmsHandlerClass7readSmsEPcS0_
 .text._ZN15SmsHandlerClass23isolateSmsSenderPhoneNrEPcS0_
                0x00001e04       0xba src/SmsHandlerClass.o
                0x00001e04                _ZN15SmsHandlerClass23isolateSmsSenderPhoneNrEPcS0_
 .text._ZN15SmsHandlerClass17handleReceivedSmsEv
                0x00001ebe       0xac src/SmsHandlerClass.o
                0x00001ebe                _ZN15SmsHandlerClass17handleReceivedSmsEv
 .text.libgcc.div
                0x00001f6a       0x28 c:/program files (x86)/atmel/studio/7.0/toolchain/avr8/avr8-gnu-toolchain/bin/../lib/gcc/avr/5.4.0/avr5\libgcc.a(_divmodhi4.o)
                0x00001f6a                _div
                0x00001f6a                __divmodhi4
 .text.libgcc.div
                0x00001f92       0x44 c:/program files (x86)/atmel/studio/7.0/toolchain/avr8/avr8-gnu-toolchain/bin/../lib/gcc/avr/5.4.0/avr5\libgcc.a(_udivmodsi4.o)
                0x00001f92                __udivmodsi4
 .text.libgcc.div
                0x00001fd6       0x28 c:/program files (x86)/atmel/studio/7.0/toolchain/avr8/avr8-gnu-toolchain/bin/../lib/gcc/avr/5.4.0/avr5\libgcc.a(_udivmodhi4.o)
                0x00001fd6                __udivmodhi4
 .text.libgcc   0x00001ffe        0xc c:/program files (x86)/atmel/studio/7.0/toolchain/avr8/avr8-gnu-toolchain/bin/../lib/gcc/avr/5.4.0/avr5\libgcc.a(_tablejump2.o)
                0x00001ffe                __tablejump2__
 .text.avr-libc
                0x0000200a       0x34 c:/program files (x86)/atmel/studio/7.0/toolchain/avr8/avr8-gnu-toolchain/bin/../lib/gcc/avr/5.4.0/../../../../avr/lib/avr5\libc.a(strstr.o)
                0x0000200a                strstr
 .text.avr-libc
                0x0000203e       0x44 c:/program files (x86)/atmel/studio/7.0/toolchain/avr8/avr8-gnu-toolchain/bin/../lib/gcc/avr/5.4.0/../../../../avr/lib/avr5\libc.a(sprintf.o)
                0x0000203e                sprintf
 .text.avr-libc
                0x00002082      0x3c2 c:/program files (x86)/atmel/studio/7.0/toolchain/avr8/avr8-gnu-toolchain/bin/../lib/gcc/avr/5.4.0/../../../../avr/lib/avr5\libc.a(vfprintf_std.o)
                0x00002082                vfprintf
 .text.avr-libc
                0x00002444       0x16 c:/program files (x86)/atmel/studio/7.0/toolchain/avr8/avr8-gnu-toolchain/bin/../lib/gcc/avr/5.4.0/../../../../avr/lib/avr5\libc.a(strnlen_P.o)
                0x00002444                strnlen_P
 .text.avr-libc
                0x0000245a       0x16 c:/program files (x86)/atmel/studio/7.0/toolchain/avr8/avr8-gnu-toolchain/bin/../lib/gcc/avr/5.4.0/../../../../avr/lib/avr5\libc.a(strnlen.o)
                0x0000245a                strnlen
 .text.avr-libc
                0x00002470       0x78 c:/program files (x86)/atmel/studio/7.0/toolchain/avr8/avr8-gnu-toolchain/bin/../lib/gcc/avr/5.4.0/../../../../avr/lib/avr5\libc.a(fputc.o)
                0x00002470                fputc
 .text.avr-libc
                0x000024e8       0xbc c:/program files (x86)/atmel/studio/7.0/toolchain/avr8/avr8-gnu-toolchain/bin/../lib/gcc/avr/5.4.0/../../../../avr/lib/avr5\libc.a(ultoa_invert.o)
                0x000024e8                __ultoa_invert
 .text.avr-libc
                0x000025a4       0x10 C:/Program Files (x86)/Atmel/Studio/7.0/Packs/Atmel/ATmega_DFP/1.4.331/gcc/dev/atmega328p/avr5\libatmega328p.a(eerd_byte.o)
                0x000025a4                eeprom_read_byte
 .text.avr-libc
                0x000025b4       0x1c C:/Program Files (x86)/Atmel/Studio/7.0/Packs/Atmel/ATmega_DFP/1.4.331/gcc/dev/atmega328p/avr5\libatmega328p.a(eewr_byte.o)
                0x000025b4                eeprom_write_byte
                0x000025b6                eeprom_write_r18
 .text.libgcc.prologue
                0x000025d0       0x38 c:/program files (x86)/atmel/studio/7.0/toolchain/avr8/avr8-gnu-toolchain/bin/../lib/gcc/avr/5.4.0/avr5\libgcc.a(_prologue.o)
                0x000025d0                __prologue_saves__
 .text.libgcc.prologue
                0x00002608       0x36 c:/program files (x86)/atmel/studio/7.0/toolchain/avr8/avr8-gnu-toolchain/bin/../lib/gcc/avr/5.4.0/avr5\libgcc.a(_epilogue.o)
                0x00002608                __epilogue_restores__
                0x0000263e                . = ALIGN (0x2)
 *(.fini9)
 .fini9         0x0000263e        0x0 c:/program files (x86)/atmel/studio/7.0/toolchain/avr8/avr8-gnu-toolchain/bin/../lib/gcc/avr/5.4.0/avr5\libgcc.a(_exit.o)
                0x0000263e                _exit
                0x0000263e                exit
 *(.fini9)
 *(.fini8)
 *(.fini8)
 *(.fini7)
 *(.fini7)
 *(.fini6)
 *(.fini6)
 *(.fini5)
 *(.fini5)
 *(.fini4)
 *(.fini4)
 *(.fini3)
 *(.fini3)
 *(.fini2)
 *(.fini2)
 *(.fini1)
 *(.fini1)
 *(.fini0)
 .fini0         0x0000263e        0x4 c:/program files (x86)/atmel/studio/7.0/toolchain/avr8/avr8-gnu-toolchain/bin/../lib/gcc/avr/5.4.0/avr5\libgcc.a(_exit.o)
 *(.fini0)
                0x00002642                _etext = .

.data           0x00800100      0x280 load address 0x00002642
                0x00800100                PROVIDE (__data_start, .)
 *(.data)
 *(.data*)
 .data._ZL9tone_pins
                0x00800100        0x1 Arduino/hardware/avr/cores/arduino/Tone.o
 .data.intFunc  0x00800101        0x4 Arduino/hardware/avr/cores/arduino/WInterrupts.o
 *(.gnu.linkonce.d*)
 *(.rodata)
 *(.rodata*)
 .rodata._ZTV14HardwareSerial
                0x00800105       0x12 Arduino/hardware/avr/cores/arduino/HardwareSerial.o
                0x00800105                _ZTV14HardwareSerial
 .rodata._ZTV9IPAddress
                0x00800117        0x6 Arduino/hardware/avr/cores/arduino/IPAddress.o
                0x00800117                _ZTV9IPAddress
 .rodata.str1.1
                0x0080011d        0xf Arduino/hardware/avr/cores/arduino/Print.o
 .rodata._ZTV14SoftwareSerial
                0x0080012c       0x12 Arduino/hardware/avr/libraries/SoftwareSerial/src/SoftwareSerial.o
                0x0080012c                _ZTV14SoftwareSerial
 .rodata.str1.1
                0x0080013e       0x6b src/AuthorizationHandlerClass.o
 .rodata.str1.1
                0x008001a9       0x89 src/CmdContactClass.o
 .rodata.str1.1
                0x00800232       0x41 src/EepromClass.o
                                 0x43 (size before relaxing)
 .rodata.str1.1
                0x00800273       0xa9 src/GsmCommunicationClass.o
 .rodata.str1.1
                0x0080031c        0x7 src/main_LockOpener.o
                                 0x20 (size before relaxing)
 .rodata._ZTV15LockOpenerClass
                0x00800323        0xa src/main_LockOpener.o
                0x00800323                _ZTV15LockOpenerClass
 .rodata.str1.1
                0x0080032d       0x53 src/SmsHandlerClass.o
                                 0x58 (size before relaxing)
 *(.gnu.linkonce.r*)
                0x00800380                . = ALIGN (0x2)
                0x00800380                _edata = .
                0x00800380                PROVIDE (__data_end, .)

.bss            0x00800380      0x1b7
                0x00800380                PROVIDE (__bss_start, .)
 *(.bss)
 *(.bss*)
 .bss.Serial    0x00800380       0x9d Arduino/hardware/avr/cores/arduino/HardwareSerial0.o
                0x00800380                Serial
 .bss._ZL11INADDR_NONE
                0x0080041d        0x6 Arduino/hardware/avr/cores/arduino/IPAddress.o
 .bss.timer2_pin_mask
                0x00800423        0x1 Arduino/hardware/avr/cores/arduino/Tone.o
                0x00800423                timer2_pin_mask
 .bss.timer2_pin_port
                0x00800424        0x2 Arduino/hardware/avr/cores/arduino/Tone.o
                0x00800424                timer2_pin_port
 .bss.timer2_toggle_count
                0x00800426        0x4 Arduino/hardware/avr/cores/arduino/Tone.o
                0x00800426                timer2_toggle_count
 .bss.timer0_fract
                0x0080042a        0x1 Arduino/hardware/avr/cores/arduino/wiring.o
 .bss.timer0_millis
                0x0080042b        0x4 Arduino/hardware/avr/cores/arduino/wiring.o
                0x0080042b                timer0_millis
 .bss.timer0_overflow_count
                0x0080042f        0x4 Arduino/hardware/avr/cores/arduino/wiring.o
                0x0080042f                timer0_overflow_count
 .bss._ZN14SoftwareSerial20_receive_buffer_headE
                0x00800433        0x1 Arduino/hardware/avr/libraries/SoftwareSerial/src/SoftwareSerial.o
                0x00800433                _ZN14SoftwareSerial20_receive_buffer_headE
 .bss._ZN14SoftwareSerial20_receive_buffer_tailE
                0x00800434        0x1 Arduino/hardware/avr/libraries/SoftwareSerial/src/SoftwareSerial.o
                0x00800434                _ZN14SoftwareSerial20_receive_buffer_tailE
 .bss._ZN14SoftwareSerial15_receive_bufferE
                0x00800435      0x100 Arduino/hardware/avr/libraries/SoftwareSerial/src/SoftwareSerial.o
                0x00800435                _ZN14SoftwareSerial15_receive_bufferE
 .bss._ZN14SoftwareSerial13active_objectE
                0x00800535        0x2 Arduino/hardware/avr/libraries/SoftwareSerial/src/SoftwareSerial.o
                0x00800535                _ZN14SoftwareSerial13active_objectE
 *(COMMON)
                0x00800537                PROVIDE (__bss_end, .)
                0x00002642                __data_load_start = LOADADDR (.data)
                0x000028c2                __data_load_end = (__data_load_start + SIZEOF (.data))

.noinit         0x00800537        0x0
                [!provide]                PROVIDE (__noinit_start, .)
 *(.noinit*)
                [!provide]                PROVIDE (__noinit_end, .)
                0x00800537                _end = .
                0x00800537                PROVIDE (__heap_start, .)

.eeprom         0x00810000        0x0
 *(.eeprom*)
                0x00810000                __eeprom_end = .

.fuse
 *(.fuse)
 *(.lfuse)
 *(.hfuse)
 *(.efuse)

.lock
 *(.lock*)

.signature
 *(.signature*)

.user_signatures
 *(.user_signatures*)

.stab
 *(.stab)

.stabstr
 *(.stabstr)

.stab.excl
 *(.stab.excl)

.stab.exclstr
 *(.stab.exclstr)

.stab.index
 *(.stab.index)

.stab.indexstr
 *(.stab.indexstr)

.comment        0x00000000       0x5c
 *(.comment)
 .comment       0x00000000       0x30 Arduino/hardware/avr/cores/arduino/HardwareSerial.o
                                 0x31 (size before relaxing)
 .comment       0x00000030       0x31 Arduino/hardware/avr/cores/arduino/HardwareSerial0.o
 .comment       0x00000030       0x31 Arduino/hardware/avr/cores/arduino/hooks.o
 .comment       0x00000030       0x31 Arduino/hardware/avr/cores/arduino/IPAddress.o
 .comment       0x00000030       0x31 Arduino/hardware/avr/cores/arduino/main.o
 .comment       0x00000030       0x31 Arduino/hardware/avr/cores/arduino/Print.o
 .comment       0x00000030       0x31 Arduino/hardware/avr/cores/arduino/Tone.o
 .comment       0x00000030       0x31 Arduino/hardware/avr/cores/arduino/WInterrupts.o
 .comment       0x00000030       0x31 Arduino/hardware/avr/cores/arduino/wiring.o
 .comment       0x00000030       0x31 Arduino/hardware/avr/cores/arduino/wiring_digital.o
 .comment       0x00000030       0x31 Arduino/hardware/avr/libraries/SoftwareSerial/src/SoftwareSerial.o
 .comment       0x00000030       0x31 src/AuthorizationHandlerClass.o
 .comment       0x00000030       0x31 src/CmdContactClass.o
 .comment       0x00000030       0x31 src/EepromClass.o
 .comment       0x00000030       0x31 src/GsmCommunicationClass.o
 .comment       0x00000030       0x31 src/Leds.o
 .comment       0x00000030       0x31 src/main_LockOpener.o
 .comment       0x00000030       0x31 src/SmsHandlerClass.o
 .comment       0x00000030       0x31 c:/program files (x86)/atmel/studio/7.0/toolchain/avr8/avr8-gnu-toolchain/bin/../lib/gcc/avr/5.4.0/../../../../avr/lib/avr5\libc.a(sprintf.o)
 .comment       0x00000030       0x2c c:/program files (x86)/atmel/studio/7.0/toolchain/avr8/avr8-gnu-toolchain/bin/../lib/gcc/avr/5.4.0/../../../../avr/lib/avr5\libc.a(vfprintf_std.o)
                                 0x2d (size before relaxing)
 .comment       0x0000005c       0x31 c:/program files (x86)/atmel/studio/7.0/toolchain/avr8/avr8-gnu-toolchain/bin/../lib/gcc/avr/5.4.0/../../../../avr/lib/avr5\libc.a(fputc.o)

.note.gnu.avr.deviceinfo
                0x00000000       0x40
 .note.gnu.avr.deviceinfo
                0x00000000       0x40 C:/Program Files (x86)/Atmel/Studio/7.0/Packs/Atmel/ATmega_DFP/1.4.331/gcc/dev/atmega328p/avr5/crtatmega328p.o

.note.gnu.build-id
 *(.note.gnu.build-id)

.debug
 *(.debug)

.line
 *(.line)

.debug_srcinfo
 *(.debug_srcinfo)

.debug_sfnames
 *(.debug_sfnames)

.debug_aranges  0x00000000      0x600
 *(.debug_aranges)
 .debug_aranges
                0x00000000       0x68 Arduino/hardware/avr/cores/arduino/HardwareSerial.o
 .debug_aranges
                0x00000068       0x48 Arduino/hardware/avr/cores/arduino/HardwareSerial0.o
 .debug_aranges
                0x000000b0       0x20 Arduino/hardware/avr/cores/arduino/hooks.o
 .debug_aranges
                0x000000d0       0x68 Arduino/hardware/avr/cores/arduino/IPAddress.o
 .debug_aranges
                0x00000138       0x38 Arduino/hardware/avr/cores/arduino/main.o
 .debug_aranges
                0x00000170       0xf8 Arduino/hardware/avr/cores/arduino/Print.o
 .debug_aranges
                0x00000268       0x38 Arduino/hardware/avr/cores/arduino/Tone.o
 .debug_aranges
                0x000002a0       0x40 Arduino/hardware/avr/cores/arduino/WInterrupts.o
 .debug_aranges
                0x000002e0       0x48 Arduino/hardware/avr/cores/arduino/wiring.o
 .debug_aranges
                0x00000328       0x38 Arduino/hardware/avr/cores/arduino/wiring_digital.o
 .debug_aranges
                0x00000360       0xa8 Arduino/hardware/avr/libraries/SoftwareSerial/src/SoftwareSerial.o
 .debug_aranges
                0x00000408       0x40 src/AuthorizationHandlerClass.o
 .debug_aranges
                0x00000448       0x38 src/CmdContactClass.o
 .debug_aranges
                0x00000480       0x48 src/EepromClass.o
 .debug_aranges
                0x000004c8       0x48 src/GsmCommunicationClass.o
 .debug_aranges
                0x00000510       0x38 src/Leds.o
 .debug_aranges
                0x00000548       0x38 src/main_LockOpener.o
 .debug_aranges
                0x00000580       0x40 src/SmsHandlerClass.o
 .debug_aranges
                0x000005c0       0x20 C:/Program Files (x86)/Atmel/Studio/7.0/Packs/Atmel/ATmega_DFP/1.4.331/gcc/dev/atmega328p/avr5\libatmega328p.a(eerd_byte.o)
 .debug_aranges
                0x000005e0       0x20 C:/Program Files (x86)/Atmel/Studio/7.0/Packs/Atmel/ATmega_DFP/1.4.331/gcc/dev/atmega328p/avr5\libatmega328p.a(eewr_byte.o)

.debug_pubnames
 *(.debug_pubnames)

.debug_info     0x00000000    0x10fdd
 *(.debug_info .gnu.linkonce.wi.*)
 .debug_info    0x00000000      0x5f4 C:/Program Files (x86)/Atmel/Studio/7.0/Packs/Atmel/ATmega_DFP/1.4.331/gcc/dev/atmega328p/avr5/crtatmega328p.o
 .debug_info    0x000005f4     0x1c39 Arduino/hardware/avr/cores/arduino/HardwareSerial.o
 .debug_info    0x0000222d     0x18b9 Arduino/hardware/avr/cores/arduino/HardwareSerial0.o
 .debug_info    0x00003ae6       0x3e Arduino/hardware/avr/cores/arduino/hooks.o
 .debug_info    0x00003b24     0x184b Arduino/hardware/avr/cores/arduino/IPAddress.o
 .debug_info    0x0000536f      0x224 Arduino/hardware/avr/cores/arduino/main.o
 .debug_info    0x00005593     0x2568 Arduino/hardware/avr/cores/arduino/Print.o
 .debug_info    0x00007afb      0x79a Arduino/hardware/avr/cores/arduino/Tone.o
 .debug_info    0x00008295      0x21c Arduino/hardware/avr/cores/arduino/WInterrupts.o
 .debug_info    0x000084b1      0x2d2 Arduino/hardware/avr/cores/arduino/wiring.o
 .debug_info    0x00008783      0x5db Arduino/hardware/avr/cores/arduino/wiring_digital.o
 .debug_info    0x00008d5e     0x2600 Arduino/hardware/avr/libraries/SoftwareSerial/src/SoftwareSerial.o
 .debug_info    0x0000b35e     0x1347 src/AuthorizationHandlerClass.o
 .debug_info    0x0000c6a5      0xd8b src/CmdContactClass.o
 .debug_info    0x0000d430      0xfb7 src/EepromClass.o
 .debug_info    0x0000e3e7      0x978 src/GsmCommunicationClass.o
 .debug_info    0x0000ed5f      0x3d6 src/Leds.o
 .debug_info    0x0000f135     0x1014 src/main_LockOpener.o
 .debug_info    0x00010149      0xd60 src/SmsHandlerClass.o
 .debug_info    0x00010ea9       0x9a C:/Program Files (x86)/Atmel/Studio/7.0/Packs/Atmel/ATmega_DFP/1.4.331/gcc/dev/atmega328p/avr5\libatmega328p.a(eerd_byte.o)
 .debug_info    0x00010f43       0x9a C:/Program Files (x86)/Atmel/Studio/7.0/Packs/Atmel/ATmega_DFP/1.4.331/gcc/dev/atmega328p/avr5\libatmega328p.a(eewr_byte.o)

.debug_abbrev   0x00000000     0x38ea
 *(.debug_abbrev)
 .debug_abbrev  0x00000000      0x5a2 C:/Program Files (x86)/Atmel/Studio/7.0/Packs/Atmel/ATmega_DFP/1.4.331/gcc/dev/atmega328p/avr5/crtatmega328p.o
 .debug_abbrev  0x000005a2      0x417 Arduino/hardware/avr/cores/arduino/HardwareSerial.o
 .debug_abbrev  0x000009b9      0x39d Arduino/hardware/avr/cores/arduino/HardwareSerial0.o
 .debug_abbrev  0x00000d56       0x2a Arduino/hardware/avr/cores/arduino/hooks.o
 .debug_abbrev  0x00000d80      0x419 Arduino/hardware/avr/cores/arduino/IPAddress.o
 .debug_abbrev  0x00001199      0x127 Arduino/hardware/avr/cores/arduino/main.o
 .debug_abbrev  0x000012c0      0x3ce Arduino/hardware/avr/cores/arduino/Print.o
 .debug_abbrev  0x0000168e      0x273 Arduino/hardware/avr/cores/arduino/Tone.o
 .debug_abbrev  0x00001901       0xfc Arduino/hardware/avr/cores/arduino/WInterrupts.o
 .debug_abbrev  0x000019fd      0x146 Arduino/hardware/avr/cores/arduino/wiring.o
 .debug_abbrev  0x00001b43      0x149 Arduino/hardware/avr/cores/arduino/wiring_digital.o
 .debug_abbrev  0x00001c8c      0x5c9 Arduino/hardware/avr/libraries/SoftwareSerial/src/SoftwareSerial.o
 .debug_abbrev  0x00002255      0x3fc src/AuthorizationHandlerClass.o
 .debug_abbrev  0x00002651      0x392 src/CmdContactClass.o
 .debug_abbrev  0x000029e3      0x2e0 src/EepromClass.o
 .debug_abbrev  0x00002cc3      0x327 src/GsmCommunicationClass.o
 .debug_abbrev  0x00002fea      0x1c3 src/Leds.o
 .debug_abbrev  0x000031ad      0x3a5 src/main_LockOpener.o
 .debug_abbrev  0x00003552      0x370 src/SmsHandlerClass.o
 .debug_abbrev  0x000038c2       0x14 C:/Program Files (x86)/Atmel/Studio/7.0/Packs/Atmel/ATmega_DFP/1.4.331/gcc/dev/atmega328p/avr5\libatmega328p.a(eerd_byte.o)
 .debug_abbrev  0x000038d6       0x14 C:/Program Files (x86)/Atmel/Studio/7.0/Packs/Atmel/ATmega_DFP/1.4.331/gcc/dev/atmega328p/avr5\libatmega328p.a(eewr_byte.o)

.debug_line     0x00000000     0x4325
 *(.debug_line .debug_line.* .debug_line_end)
 .debug_line    0x00000000      0x133 C:/Program Files (x86)/Atmel/Studio/7.0/Packs/Atmel/ATmega_DFP/1.4.331/gcc/dev/atmega328p/avr5/crtatmega328p.o
 .debug_line    0x00000133      0x50f Arduino/hardware/avr/cores/arduino/HardwareSerial.o
 .debug_line    0x00000642      0x2a3 Arduino/hardware/avr/cores/arduino/HardwareSerial0.o
 .debug_line    0x000008e5       0x5b Arduino/hardware/avr/cores/arduino/hooks.o
 .debug_line    0x00000940      0x38d Arduino/hardware/avr/cores/arduino/IPAddress.o
 .debug_line    0x00000ccd      0x186 Arduino/hardware/avr/cores/arduino/main.o
 .debug_line    0x00000e53      0x6e0 Arduino/hardware/avr/cores/arduino/Print.o
 .debug_line    0x00001533      0x42c Arduino/hardware/avr/cores/arduino/Tone.o
 .debug_line    0x0000195f      0x1b7 Arduino/hardware/avr/cores/arduino/WInterrupts.o
 .debug_line    0x00001b16      0x2be Arduino/hardware/avr/cores/arduino/wiring.o
 .debug_line    0x00001dd4      0x279 Arduino/hardware/avr/cores/arduino/wiring_digital.o
 .debug_line    0x0000204d      0x7d9 Arduino/hardware/avr/libraries/SoftwareSerial/src/SoftwareSerial.o
 .debug_line    0x00002826      0x4f2 src/AuthorizationHandlerClass.o
 .debug_line    0x00002d18      0x36b src/CmdContactClass.o
 .debug_line    0x00003083      0x3e5 src/EepromClass.o
 .debug_line    0x00003468      0x42a src/GsmCommunicationClass.o
 .debug_line    0x00003892      0x1d6 src/Leds.o
 .debug_line    0x00003a68      0x3b0 src/main_LockOpener.o
 .debug_line    0x00003e18      0x3f5 src/SmsHandlerClass.o
 .debug_line    0x0000420d       0x7a C:/Program Files (x86)/Atmel/Studio/7.0/Packs/Atmel/ATmega_DFP/1.4.331/gcc/dev/atmega328p/avr5\libatmega328p.a(eerd_byte.o)
 .debug_line    0x00004287       0x9e C:/Program Files (x86)/Atmel/Studio/7.0/Packs/Atmel/ATmega_DFP/1.4.331/gcc/dev/atmega328p/avr5\libatmega328p.a(eewr_byte.o)

.debug_frame    0x00000000     0x10b8
 *(.debug_frame)
 .debug_frame   0x00000000      0x104 Arduino/hardware/avr/cores/arduino/HardwareSerial.o
 .debug_frame   0x00000104       0xec Arduino/hardware/avr/cores/arduino/HardwareSerial0.o
 .debug_frame   0x000001f0       0x24 Arduino/hardware/avr/cores/arduino/hooks.o
 .debug_frame   0x00000214      0x108 Arduino/hardware/avr/cores/arduino/IPAddress.o
 .debug_frame   0x0000031c       0x54 Arduino/hardware/avr/cores/arduino/main.o
 .debug_frame   0x00000370      0x3a0 Arduino/hardware/avr/cores/arduino/Print.o
 .debug_frame   0x00000710       0xfc Arduino/hardware/avr/cores/arduino/Tone.o
 .debug_frame   0x0000080c       0xf4 Arduino/hardware/avr/cores/arduino/WInterrupts.o
 .debug_frame   0x00000900       0xc4 Arduino/hardware/avr/cores/arduino/wiring.o
 .debug_frame   0x000009c4       0x7c Arduino/hardware/avr/cores/arduino/wiring_digital.o
 .debug_frame   0x00000a40      0x1dc Arduino/hardware/avr/libraries/SoftwareSerial/src/SoftwareSerial.o
 .debug_frame   0x00000c1c       0xe8 src/AuthorizationHandlerClass.o
 .debug_frame   0x00000d04       0x98 src/CmdContactClass.o
 .debug_frame   0x00000d9c       0xe4 src/EepromClass.o
 .debug_frame   0x00000e80       0xd8 src/GsmCommunicationClass.o
 .debug_frame   0x00000f58       0x60 src/Leds.o
 .debug_frame   0x00000fb8       0x68 src/main_LockOpener.o
 .debug_frame   0x00001020       0x98 src/SmsHandlerClass.o

.debug_str      0x00000000     0x38b2
 *(.debug_str)
 .debug_str     0x00000000      0x208 C:/Program Files (x86)/Atmel/Studio/7.0/Packs/Atmel/ATmega_DFP/1.4.331/gcc/dev/atmega328p/avr5/crtatmega328p.o
 .debug_str     0x00000208     0x1376 Arduino/hardware/avr/cores/arduino/HardwareSerial.o
                               0x141c (size before relaxing)
 .debug_str     0x0000157e       0xe4 Arduino/hardware/avr/cores/arduino/HardwareSerial0.o
                               0x1229 (size before relaxing)
 .debug_str     0x00001662       0xe1 Arduino/hardware/avr/cores/arduino/hooks.o
                                0x122 (size before relaxing)
 .debug_str     0x00001743      0x368 Arduino/hardware/avr/cores/arduino/IPAddress.o
                                0xfea (size before relaxing)
 .debug_str     0x00001aab       0x74 Arduino/hardware/avr/cores/arduino/main.o
                                0x28d (size before relaxing)
 .debug_str     0x00001b1f      0x3a6 Arduino/hardware/avr/cores/arduino/Print.o
                               0x104f (size before relaxing)
 .debug_str     0x00001ec5      0x1ca Arduino/hardware/avr/cores/arduino/Tone.o
                                0x3fc (size before relaxing)
 .debug_str     0x0000208f       0xa7 Arduino/hardware/avr/cores/arduino/WInterrupts.o
                                0x21a (size before relaxing)
 .debug_str     0x00002136       0x99 Arduino/hardware/avr/cores/arduino/wiring.o
                                0x22d (size before relaxing)
 .debug_str     0x000021cf       0x8a Arduino/hardware/avr/cores/arduino/wiring_digital.o
                                0x292 (size before relaxing)
 .debug_str     0x00002259      0x5db Arduino/hardware/avr/libraries/SoftwareSerial/src/SoftwareSerial.o
                               0x172b (size before relaxing)
 .debug_str     0x00002834      0xa22 src/AuthorizationHandlerClass.o
                                0xd83 (size before relaxing)
 .debug_str     0x00003256      0x33e src/CmdContactClass.o
                                0xc5b (size before relaxing)
 .debug_str     0x00003594       0x6b src/EepromClass.o
                                0x7b5 (size before relaxing)
 .debug_str     0x000035ff       0x94 src/GsmCommunicationClass.o
                                0x591 (size before relaxing)
 .debug_str     0x00003693       0x5f src/Leds.o
                                0x347 (size before relaxing)
 .debug_str     0x000036f2      0x128 src/main_LockOpener.o
                                0xce6 (size before relaxing)
 .debug_str     0x0000381a       0x98 src/SmsHandlerClass.o
                                0xb23 (size before relaxing)

.debug_loc      0x00000000     0x6044
 *(.debug_loc)
 .debug_loc     0x00000000      0x4e0 Arduino/hardware/avr/cores/arduino/HardwareSerial.o
 .debug_loc     0x000004e0      0x1ca Arduino/hardware/avr/cores/arduino/HardwareSerial0.o
 .debug_loc     0x000006aa      0x4a5 Arduino/hardware/avr/cores/arduino/IPAddress.o
 .debug_loc     0x00000b4f     0x1bd5 Arduino/hardware/avr/cores/arduino/Print.o
 .debug_loc     0x00002724      0xacf Arduino/hardware/avr/cores/arduino/Tone.o
 .debug_loc     0x000031f3      0x235 Arduino/hardware/avr/cores/arduino/WInterrupts.o
 .debug_loc     0x00003428      0x24a Arduino/hardware/avr/cores/arduino/wiring.o
 .debug_loc     0x00003672      0x5c4 Arduino/hardware/avr/cores/arduino/wiring_digital.o
 .debug_loc     0x00003c36      0xd72 Arduino/hardware/avr/libraries/SoftwareSerial/src/SoftwareSerial.o
 .debug_loc     0x000049a8      0x49d src/AuthorizationHandlerClass.o
 .debug_loc     0x00004e45      0x289 src/CmdContactClass.o
 .debug_loc     0x000050ce      0x4a1 src/EepromClass.o
 .debug_loc     0x0000556f      0x46a src/GsmCommunicationClass.o
 .debug_loc     0x000059d9      0x12b src/Leds.o
 .debug_loc     0x00005b04      0x175 src/main_LockOpener.o
 .debug_loc     0x00005c79      0x3cb src/SmsHandlerClass.o

.debug_macinfo
 *(.debug_macinfo)

.debug_weaknames
 *(.debug_weaknames)

.debug_funcnames
 *(.debug_funcnames)

.debug_typenames
 *(.debug_typenames)

.debug_varnames
 *(.debug_varnames)

.debug_pubtypes
 *(.debug_pubtypes)

.debug_ranges   0x00000000      0x5b0
 *(.debug_ranges)
 .debug_ranges  0x00000000       0x58 Arduino/hardware/avr/cores/arduino/HardwareSerial.o
 .debug_ranges  0x00000058       0x38 Arduino/hardware/avr/cores/arduino/HardwareSerial0.o
 .debug_ranges  0x00000090       0x10 Arduino/hardware/avr/cores/arduino/hooks.o
 .debug_ranges  0x000000a0       0x78 Arduino/hardware/avr/cores/arduino/IPAddress.o
 .debug_ranges  0x00000118       0x28 Arduino/hardware/avr/cores/arduino/main.o
 .debug_ranges  0x00000140      0x118 Arduino/hardware/avr/cores/arduino/Print.o
 .debug_ranges  0x00000258       0x70 Arduino/hardware/avr/cores/arduino/Tone.o
 .debug_ranges  0x000002c8       0x30 Arduino/hardware/avr/cores/arduino/WInterrupts.o
 .debug_ranges  0x000002f8       0x38 Arduino/hardware/avr/cores/arduino/wiring.o
 .debug_ranges  0x00000330       0x28 Arduino/hardware/avr/cores/arduino/wiring_digital.o
 .debug_ranges  0x00000358       0xf8 Arduino/hardware/avr/libraries/SoftwareSerial/src/SoftwareSerial.o
 .debug_ranges  0x00000450       0x30 src/AuthorizationHandlerClass.o
 .debug_ranges  0x00000480       0x28 src/CmdContactClass.o
 .debug_ranges  0x000004a8       0x50 src/EepromClass.o
 .debug_ranges  0x000004f8       0x38 src/GsmCommunicationClass.o
 .debug_ranges  0x00000530       0x28 src/Leds.o
 .debug_ranges  0x00000558       0x28 src/main_LockOpener.o
 .debug_ranges  0x00000580       0x30 src/SmsHandlerClass.o

.debug_macro
 *(.debug_macro)
OUTPUT(ArduinoLockOpener.elf elf32-avr)
LOAD linker stubs
